<html>
<body>
<pre>
<h1>礦ision Build Log</h1>
<h2>Tool Versions:</h2>
IDE-Version: μVision V5.22.0.0
Copyright (C) 2016 ARM Ltd and ARM Germany GmbH. All rights reserved.
License Information: g y, Google, LIC=S5IDY-I92MC-FZZWU-SD18N-FF887-25IRI
 
Tool Versions:
Toolchain:       MDK-ARM Professional  Version: 5.22
Toolchain Path:  D:\Apps\Keil_v5\ARM\ARMCC\Bin
C Compiler:      Armcc.exe V5.06 update 4 (build 422)
Assembler:       Armasm.exe V5.06 update 4 (build 422)
Linker/Locator:  ArmLink.exe V5.06 update 4 (build 422)
Library Manager: ArmAr.exe V5.06 update 4 (build 422)
Hex Converter:   FromElf.exe V5.06 update 4 (build 422)
CPU DLL:         SARMCM3.DLL V5.22
Dialog DLL:      DCM.DLL V1.13.9.0
Target DLL:      STLink\ST-LINKIII-KEIL_SWO.dll V2.0.18.0
Dialog DLL:      TCM.DLL V1.21.0.0
 
<h2>Project:</h2>
F:\Study\IoT\ATK-S1216F8_GPS_stm32f4\USER\test.uvprojx
Project File Date:  09/06/2017

<h2>Output:</h2>
*** Using Compiler 'V5.06 update 4 (build 422)', folder: 'D:\Apps\Keil_v5\ARM\ARMCC\Bin'
Rebuild target 'Target 1'
compiling stm32f4xx_it.c...
compiling sys.c...
compiling system_stm32f4xx.c...
compiling main.c...
main.c(20): warning:  #223-D: function "fabs" declared implicitly
      a = (int)(fabs(lon)+0.5);//对经度进行四舍五入，且取正整数
main.c(107): warning:  #111-D: statement is unreachable
  	 return localTime_month;
main.c(108): warning:  #111-D: statement is unreachable
  	 return localTime_date;
main.c(109): warning:  #111-D: statement is unreachable
  	 return localTime_hour;
main.c: 4 warnings, 0 errors
assembling startup_stm32f40_41xxx.s...
compiling misc.c...
compiling usart.c...
compiling delay.c...
compiling stm32f4xx_exti.c...
compiling stm32f4xx_pwr.c...
compiling stm32f4xx_fsmc.c...
compiling stm32f4xx_gpio.c...
compiling stm32f4xx_rcc.c...
compiling stm32f4xx_usart.c...
compiling gps.c...
compiling key.c...
compiling stm32f4xx_tim.c...
compiling led.c...
compiling usart3.c...
compiling timer.c...
compiling lcd.c...
compiling usmart_config.c...
compiling usmart_str.c...
compiling usmart.c...
linking...
Program Size: Code=38220 RO-data=6988 RW-data=384 ZI-data=3264  
FromELF: creating hex file...
"..\OBJ\test.axf" - 0 Error(s), 4 Warning(s).

<h2>Collection of Component include folders:</h2>
  F:\Study\IoT\ATK-S1216F8_GPS_stm32f4\USER\RTE\_Target_1
  D:\Apps\Keil_v5\ARM\PACK\Keil\STM32F4xx_DFP\2.11.0\Drivers\CMSIS\Device\ST\STM32F4xx\Include

<h2>Collection of Component Files used:</h2>
Build Time Elapsed:  00:00:16
</pre>
</body>
</html>
