Component: ARM Compiler 5.06 update 4 (build 422) Tool: armlink [4d35d2]

==============================================================================

Section Cross References

    main.o(i.Gps_Msg_Show) refers to _printf_pad.o(.text) for _printf_pre_padding
    main.o(i.Gps_Msg_Show) refers to _printf_percent.o(.ARM.Collect$$_printf_percent$$00000000) for _printf_percent
    main.o(i.Gps_Msg_Show) refers to _printf_f.o(.ARM.Collect$$_printf_percent$$00000003) for _printf_f
    main.o(i.Gps_Msg_Show) refers to _printf_c.o(.ARM.Collect$$_printf_percent$$00000013) for _printf_c
    main.o(i.Gps_Msg_Show) refers to printf1.o(x$fpl$printf1) for _printf_fp_dec
    main.o(i.Gps_Msg_Show) refers to _printf_str.o(.text) for _printf_str
    main.o(i.Gps_Msg_Show) refers to _printf_s.o(.ARM.Collect$$_printf_percent$$00000014) for _printf_s
    main.o(i.Gps_Msg_Show) refers to _printf_d.o(.ARM.Collect$$_printf_percent$$00000009) for _printf_d
    main.o(i.Gps_Msg_Show) refers to _printf_dec.o(.text) for _printf_int_dec
    main.o(i.Gps_Msg_Show) refers to f2d.o(x$fpl$f2d) for __aeabi_f2d
    main.o(i.Gps_Msg_Show) refers to __2sprintf.o(.text) for __2sprintf
    main.o(i.Gps_Msg_Show) refers to lcd.o(i.LCD_ShowString) for LCD_ShowString
    main.o(i.Gps_Msg_Show) refers to lcd.o(.data) for POINT_COLOR
    main.o(i.Gps_Msg_Show) refers to main.o(.bss) for gpsx
    main.o(i.Gps_Msg_Show) refers to main.o(.data) for fixmode_tbl
    main.o(i.UTCTOLocalTime) refers to main.o(.bss) for gpsx
    main.o(i.UTCTOLocalTime) refers to main.o(.data) for localTime_year
    main.o(i.calculateTimezone) refers to fabs.o(i.fabs) for fabs
    main.o(i.calculateTimezone) refers to dflt_clz.o(x$fpl$dflt) for __aeabi_i2d
    main.o(i.calculateTimezone) refers to daddsub_clz.o(x$fpl$dadd) for __aeabi_dadd
    main.o(i.calculateTimezone) refers to dfix.o(x$fpl$dfix) for __aeabi_d2iz
    main.o(i.calculateTimezone) refers to drleqf.o(x$fpl$drleqf) for __aeabi_cdrcmple
    main.o(i.calculateTimezone) refers to dleqf.o(x$fpl$dleqf) for __aeabi_cdcmple
    main.o(i.main) refers to _printf_percent.o(.ARM.Collect$$_printf_percent$$00000000) for _printf_percent
    main.o(i.main) refers to _printf_s.o(.ARM.Collect$$_printf_percent$$00000014) for _printf_s
    main.o(i.main) refers to _printf_str.o(.text) for _printf_str
    main.o(i.main) refers to misc.o(i.NVIC_PriorityGroupConfig) for NVIC_PriorityGroupConfig
    main.o(i.main) refers to delay.o(i.delay_init) for delay_init
    main.o(i.main) refers to usart.o(i.uart_init) for uart_init
    main.o(i.main) refers to usart3.o(i.usart3_init) for usart3_init
    main.o(i.main) refers to led.o(i.LED_Init) for LED_Init
    main.o(i.main) refers to lcd.o(i.LCD_Init) for LCD_Init
    main.o(i.main) refers to key.o(i.KEY_Init) for KEY_Init
    main.o(i.main) refers to lcd.o(i.LCD_ShowString) for LCD_ShowString
    main.o(i.main) refers to gps.o(i.SkyTra_Cfg_Rate) for SkyTra_Cfg_Rate
    main.o(i.main) refers to gps.o(i.SkyTra_Cfg_Prt) for SkyTra_Cfg_Prt
    main.o(i.main) refers to gps.o(i.SkyTra_Cfg_Tp) for SkyTra_Cfg_Tp
    main.o(i.main) refers to delay.o(i.delay_ms) for delay_ms
    main.o(i.main) refers to lcd.o(i.LCD_Fill) for LCD_Fill
    main.o(i.main) refers to gps.o(i.GPS_Analysis) for GPS_Analysis
    main.o(i.main) refers to dflt_clz.o(x$fpl$dfltu) for __aeabi_ui2d
    main.o(i.main) refers to main.o(i.calculateTimezone) for calculateTimezone
    main.o(i.main) refers to main.o(i.UTCTOLocalTime) for UTCTOLocalTime
    main.o(i.main) refers to main.o(i.Gps_Msg_Show) for Gps_Msg_Show
    main.o(i.main) refers to __2printf.o(.text) for __2printf
    main.o(i.main) refers to key.o(i.KEY_Scan) for KEY_Scan
    main.o(i.main) refers to usmart_config.o(.data) for usmart_dev
    main.o(i.main) refers to lcd.o(.data) for POINT_COLOR
    main.o(i.main) refers to usart3.o(.data) for USART3_RX_STA
    main.o(i.main) refers to usart3.o(.bss) for USART3_RX_BUF
    main.o(i.main) refers to main.o(.bss) for USART1_TX_BUF
    main.o(.data) refers to main.o(.conststring) for .conststring
    system_stm32f4xx.o(i.SystemCoreClockUpdate) refers to system_stm32f4xx.o(.data) for SystemCoreClock
    system_stm32f4xx.o(i.SystemInit) refers to system_stm32f4xx.o(i.SetSysClock) for SetSysClock
    delay.o(i.delay_init) refers to misc.o(i.SysTick_CLKSourceConfig) for SysTick_CLKSourceConfig
    delay.o(i.delay_init) refers to delay.o(.data) for fac_us
    delay.o(i.delay_ms) refers to delay.o(i.delay_xms) for delay_xms
    delay.o(i.delay_us) refers to delay.o(.data) for fac_us
    delay.o(i.delay_xms) refers to delay.o(.data) for fac_ms
    usart.o(.rev16_text) refers (Special) to use_no_semi_2.o(.text) for __use_no_semihosting
    usart.o(.revsh_text) refers (Special) to use_no_semi_2.o(.text) for __use_no_semihosting
    usart.o(.rrx_text) refers (Special) to use_no_semi_2.o(.text) for __use_no_semihosting
    usart.o(i.USART1_IRQHandler) refers (Special) to use_no_semi_2.o(.text) for __use_no_semihosting
[...]
    i.LCD_SSD_BackLightSet                   0x08005bd4   Section        0  lcd.o(i.LCD_SSD_BackLightSet)
    i.LCD_Scan_Dir                           0x08005c34   Section        0  lcd.o(i.LCD_Scan_Dir)
    i.LCD_SetCursor                          0x08005f20   Section        0  lcd.o(i.LCD_SetCursor)
    i.LCD_ShowChar                           0x080060c8   Section        0  lcd.o(i.LCD_ShowChar)
    i.LCD_ShowString                         0x080061f0   Section        0  lcd.o(i.LCD_ShowString)
    i.LCD_WR_DATA                            0x08006258   Section        0  lcd.o(i.LCD_WR_DATA)
    i.LCD_WR_REG                             0x08006270   Section        0  lcd.o(i.LCD_WR_REG)
    i.LCD_WriteRAM_Prepare                   0x08006288   Section        0  lcd.o(i.LCD_WriteRAM_Prepare)
    i.LCD_WriteReg                           0x0800629c   Section        0  lcd.o(i.LCD_WriteReg)
    i.LED_Init                               0x080062b0   Section        0  led.o(i.LED_Init)
    i.MemManage_Handler                      0x080062f0   Section        0  stm32f4xx_it.o(i.MemManage_Handler)
    i.NMEA_BDGSV_Analysis                    0x080062f4   Section        0  gps.o(i.NMEA_BDGSV_Analysis)
    i.NMEA_Comma_Pos                         0x08006428   Section        0  gps.o(i.NMEA_Comma_Pos)
    i.NMEA_GNGGA_Analysis                    0x0800645c   Section        0  gps.o(i.NMEA_GNGGA_Analysis)
    i.NMEA_GNGSA_Analysis                    0x080064c4   Section        0  gps.o(i.NMEA_GNGSA_Analysis)
    i.NMEA_GNRMC_Analysis                    0x0800657c   Section        0  gps.o(i.NMEA_GNRMC_Analysis)
    i.NMEA_GNVTG_Analysis                    0x080067a0   Section        0  gps.o(i.NMEA_GNVTG_Analysis)
    i.NMEA_GPGSV_Analysis                    0x080067f8   Section        0  gps.o(i.NMEA_GPGSV_Analysis)
    i.NMEA_Pow                               0x08006924   Section        0  gps.o(i.NMEA_Pow)
    i.NMEA_Str2num                           0x0800693a   Section        0  gps.o(i.NMEA_Str2num)
    i.NMI_Handler                            0x08006a24   Section        0  stm32f4xx_it.o(i.NMI_Handler)
    i.NVIC_Init                              0x08006a28   Section        0  misc.o(i.NVIC_Init)
    i.NVIC_PriorityGroupConfig               0x08006aa0   Section        0  misc.o(i.NVIC_PriorityGroupConfig)
    i.PendSV_Handler                         0x08006ab4   Section        0  stm32f4xx_it.o(i.PendSV_Handler)
    i.RCC_AHB1PeriphClockCmd                 0x08006ab8   Section        0  stm32f4xx_rcc.o(i.RCC_AHB1PeriphClockCmd)
    i.RCC_AHB3PeriphClockCmd                 0x08006ad8   Section        0  stm32f4xx_rcc.o(i.RCC_AHB3PeriphClockCmd)
    i.RCC_APB1PeriphClockCmd                 0x08006af8   Section        0  stm32f4xx_rcc.o(i.RCC_APB1PeriphClockCmd)
    i.RCC_APB1PeriphResetCmd                 0x08006b18   Section        0  stm32f4xx_rcc.o(i.RCC_APB1PeriphResetCmd)
    i.RCC_APB2PeriphClockCmd                 0x08006b38   Section        0  stm32f4xx_rcc.o(i.RCC_APB2PeriphClockCmd)
    i.RCC_APB2PeriphResetCmd                 0x08006b58   Section        0  stm32f4xx_rcc.o(i.RCC_APB2PeriphResetCmd)
    i.RCC_GetClocksFreq                      0x08006b78   Section        0  stm32f4xx_rcc.o(i.RCC_GetClocksFreq)
    i.SVC_Handler                            0x08006c60   Section        0  stm32f4xx_it.o(i.SVC_Handler)
    i.SetSysClock                            0x08006c64   Section        0  system_stm32f4xx.o(i.SetSysClock)
    SetSysClock                              0x08006c65   Thumb Code   220  system_stm32f4xx.o(i.SetSysClock)
    i.SkyTra_Cfg_Ack_Check                   0x08006d50   Section        0  gps.o(i.SkyTra_Cfg_Ack_Check)
    i.SkyTra_Cfg_Prt                         0x08006dbc   Section        0  gps.o(i.SkyTra_Cfg_Prt)
    i.SkyTra_Cfg_Rate                        0x08006e1c   Section        0  gps.o(i.SkyTra_Cfg_Rate)
    i.SkyTra_Cfg_Tp                          0x08006e5c   Section        0  gps.o(i.SkyTra_Cfg_Tp)
    i.SkyTra_Send_Date                       0x08006ee0   Section        0  gps.o(i.SkyTra_Send_Date)
    i.SysTick_CLKSourceConfig                0x08006f0c   Section        0  misc.o(i.SysTick_CLKSourceConfig)
    i.SysTick_Handler                        0x08006f34   Section        0  stm32f4xx_it.o(i.SysTick_Handler)
    i.SystemInit                             0x08006f38   Section        0  system_stm32f4xx.o(i.SystemInit)
    i.TIM4_IRQHandler                        0x08006fa0   Section        0  usmart.o(i.TIM4_IRQHandler)
    i.TIM7_IRQHandler                        0x08006fd8   Section        0  timer.o(i.TIM7_IRQHandler)
    i.TIM7_Int_Init                          0x0800700c   Section        0  timer.o(i.TIM7_Int_Init)
    i.TIM_ClearFlag                          0x08007060   Section        0  stm32f4xx_tim.o(i.TIM_ClearFlag)
    i.TIM_ClearITPendingBit                  0x08007066   Section        0  stm32f4xx_tim.o(i.TIM_ClearITPendingBit)
    i.TIM_Cmd                                0x0800706c   Section        0  stm32f4xx_tim.o(i.TIM_Cmd)
    i.TIM_GetCounter                         0x08007084   Section        0  stm32f4xx_tim.o(i.TIM_GetCounter)
    i.TIM_GetFlagStatus                      0x0800708a   Section        0  stm32f4xx_tim.o(i.TIM_GetFlagStatus)
    i.TIM_GetITStatus                        0x0800709c   Section        0  stm32f4xx_tim.o(i.TIM_GetITStatus)
    i.TIM_ITConfig                           0x080070be   Section        0  stm32f4xx_tim.o(i.TIM_ITConfig)
    i.TIM_SetAutoreload                      0x080070d0   Section        0  stm32f4xx_tim.o(i.TIM_SetAutoreload)
    i.TIM_SetCounter                         0x080070d4   Section        0  stm32f4xx_tim.o(i.TIM_SetCounter)
    i.TIM_TimeBaseInit                       0x080070d8   Section        0  stm32f4xx_tim.o(i.TIM_TimeBaseInit)
    i.Timer4_Init                            0x0800715c   Section        0  usmart.o(i.Timer4_Init)
    i.USART1_IRQHandler                      0x080071b8   Section        0  usart.o(i.USART1_IRQHandler)
    i.USART3_IRQHandler                      0x08007240   Section        0  usart3.o(i.USART3_IRQHandler)
    i.USART_ClearFlag                        0x080072b0   Section        0  stm32f4xx_usart.o(i.USART_ClearFlag)
    i.USART_Cmd                              0x080072c2   Section        0  stm32f4xx_usart.o(i.USART_Cmd)
    i.USART_DeInit                           0x080072dc   Section        0  stm32f4xx_usart.o(i.USART_DeInit)
    i.USART_GetITStatus                      0x080073cc   Section        0  stm32f4xx_usart.o(i.USART_GetITStatus)
    i.USART_ITConfig                         0x08007420   Section        0  stm32f4xx_usart.o(i.USART_ITConfig)
    i.USART_Init                             0x0800746c   Section        0  stm32f4xx_usart.o(i.USART_Init)
    i.USART_ReceiveData                      0x08007540   Section        0  stm32f4xx_usart.o(i.USART_ReceiveData)
    i.UTCTOLocalTime                         0x0800754c   Section        0  main.o(i.UTCTOLocalTime)
    UTCTOLocalTime                           0x0800754d   Thumb Code   296  main.o(i.UTCTOLocalTime)
    i.UsageFault_Handler                     0x08007688   Section        0  stm32f4xx_it.o(i.UsageFault_Handler)
    i.__ARM_fpclassify                       0x0800768c   Section        0  fpclassify.o(i.__ARM_fpclassify)
    i._is_digit                              0x080076bc   Section        0  __printf_wp.o(i._is_digit)
    i._sys_exit                              0x080076ca   Section        0  usart.o(i._sys_exit)
    i.calculateTimezone                      0x080076d0   Section        0  main.o(i.calculateTimezone)
    calculateTimezone                        0x080076d1   Thumb Code   292  main.o(i.calculateTimezone)
    i.delay_init                             0x0800783c   Section        0  delay.o(i.delay_init)
    i.delay_ms                               0x08007878   Section        0  delay.o(i.delay_ms)
    i.delay_us                               0x080078b0   Section        0  delay.o(i.delay_us)
    i.delay_xms                              0x080078fc   Section        0  delay.o(i.delay_xms)
    i.fabs                                   0x08007948   Section        0  fabs.o(i.fabs)
    i.fputc                                  0x08007960   Section        0  usart.o(i.fputc)
    i.main                                   0x0800797c   Section        0  main.o(i.main)
    i.read_addr                              0x08007c00   Section        0  usmart.o(i.read_addr)
    i.uart_init                              0x08007c08   Section        0  usart.o(i.uart_init)
    i.usart3_init                            0x08007cbc   Section        0  usart3.o(i.usart3_init)
    i.usmart_cmd_rec                         0x08007d94   Section        0  usmart.o(i.usmart_cmd_rec)
    i.usmart_exe                             0x08007e44   Section        0  usmart.o(i.usmart_exe)
    i.usmart_get_aparm                       0x08008118   Section        0  usmart_str.o(i.usmart_get_aparm)
    i.usmart_get_cmdname                     0x080081e0   Section        0  usmart_str.o(i.usmart_get_cmdname)
    i.usmart_get_fname                       0x08008218   Section        0  usmart_str.o(i.usmart_get_fname)
    i.usmart_get_fparam                      0x080083d8   Section        0  usmart_str.o(i.usmart_get_fparam)
    i.usmart_get_parmpos                     0x080084e4   Section        0  usmart_str.o(i.usmart_get_parmpos)
    i.usmart_get_runtime                     0x08008504   Section        0  usmart.o(i.usmart_get_runtime)
    i.usmart_init                            0x08008548   Section        0  usmart.o(i.usmart_init)
    i.usmart_pow                             0x08008570   Section        0  usmart_str.o(i.usmart_pow)
    i.usmart_reset_runtime                   0x08008588   Section        0  usmart.o(i.usmart_reset_runtime)
    i.usmart_scan                            0x080085b8   Section        0  usmart.o(i.usmart_scan)
    i.usmart_search_nextc                    0x08008674   Section        0  usmart_str.o(i.usmart_search_nextc)
    i.usmart_str2num                         0x0800868a   Section        0  usmart_str.o(i.usmart_str2num)
    i.usmart_strcmp                          0x08008754   Section        0  usmart_str.o(i.usmart_strcmp)
    i.usmart_strcopy                         0x08008776   Section        0  usmart_str.o(i.usmart_strcopy)
    i.usmart_strlen                          0x0800878c   Section        0  usmart_str.o(i.usmart_strlen)
    i.usmart_sys_cmd_exe                     0x080087a4   Section        0  usmart.o(i.usmart_sys_cmd_exe)
    i.write_addr                             0x08008e88   Section        0  usmart.o(i.write_addr)
    locale$$code                             0x08008e8c   Section       44  lc_numeric_c.o(locale$$code)
    x$fpl$dadd                               0x08008eb8   Section      336  daddsub_clz.o(x$fpl$dadd)
    $v0                                      0x08008eb8   Number         0  daddsub_clz.o(x$fpl$dadd)
    _dadd1                                   0x08008ec9   Thumb Code     0  daddsub_clz.o(x$fpl$dadd)
    x$fpl$dcmpinf                            0x08009008   Section       24  dcmpi.o(x$fpl$dcmpinf)
    $v0                                      0x08009008   Number         0  dcmpi.o(x$fpl$dcmpinf)
    x$fpl$dfix                               0x08009020   Section       94  dfix.o(x$fpl$dfix)
    $v0                                      0x08009020   Number         0  dfix.o(x$fpl$dfix)
    x$fpl$dfixu                              0x08009080   Section       90  dfixu.o(x$fpl$dfixu)
    $v0                                      0x08009080   Number         0  dfixu.o(x$fpl$dfixu)
    x$fpl$dflt                               0x080090da   Section       46  dflt_clz.o(x$fpl$dflt)
    $v0                                      0x080090da   Number         0  dflt_clz.o(x$fpl$dflt)
    x$fpl$dfltu                              0x08009108   Section       38  dflt_clz.o(x$fpl$dfltu)
    $v0                                      0x08009108   Number         0  dflt_clz.o(x$fpl$dfltu)
    x$fpl$dleqf                              0x08009130   Section      120  dleqf.o(x$fpl$dleqf)
    $v0                                      0x08009130   Number         0  dleqf.o(x$fpl$dleqf)
    x$fpl$dmul                               0x080091a8   Section      340  dmul.o(x$fpl$dmul)
    $v0                                      0x080091a8   Number         0  dmul.o(x$fpl$dmul)
    x$fpl$dnaninf                            0x080092fc   Section      156  dnaninf.o(x$fpl$dnaninf)
    $v0                                      0x080092fc   Number         0  dnaninf.o(x$fpl$dnaninf)
    x$fpl$dretinf                            0x08009398   Section       12  dretinf.o(x$fpl$dretinf)
    $v0                                      0x08009398   Number         0  dretinf.o(x$fpl$dretinf)
    x$fpl$drleqf                             0x080093a4   Section      108  drleqf.o(x$fpl$drleqf)
    $v0                                      0x080093a4   Number         0  drleqf.o(x$fpl$drleqf)
    x$fpl$dsub                               0x08009410   Section      468  daddsub_clz.o(x$fpl$dsub)
    $v0                                      0x08009410   Number         0  daddsub_clz.o(x$fpl$dsub)
    _dsub1                                   0x08009421   Thumb Code     0  daddsub_clz.o(x$fpl$dsub)
    x$fpl$f2d                                0x080095e4   Section       86  f2d.o(x$fpl$f2d)
    $v0                                      0x080095e4   Number         0  f2d.o(x$fpl$f2d)
    x$fpl$fnaninf                            0x0800963a   Section      140  fnaninf.o(x$fpl$fnaninf)
    $v0                                      0x0800963a   Number         0  fnaninf.o(x$fpl$fnaninf)
    x$fpl$fpinit                             0x080096c6   Section       10  fpinit.o(x$fpl$fpinit)
    $v0                                      0x080096c6   Number         0  fpinit.o(x$fpl$fpinit)
    x$fpl$printf1                            0x080096d0   Section        4  printf1.o(x$fpl$printf1)
    $v0                                      0x080096d0   Number         0  printf1.o(x$fpl$printf1)
    .constdata                               0x080096d4   Section       36  gps.o(.constdata)
    x$fpl$usenofp                            0x080096d4   Section        0  usenofp.o(x$fpl$usenofp)
    .constdata                               0x080096f8   Section     6080  lcd.o(.constdata)
    .constdata                               0x0800aeb8   Section       40  _printf_hex_int_ll_ptr.o(.constdata)
    uc_hextab                                0x0800aeb8   Data          20  _printf_hex_int_ll_ptr.o(.constdata)
    lc_hextab                                0x0800aecc   Data          20  _printf_hex_int_ll_ptr.o(.constdata)
    .constdata                               0x0800aee0   Section       17  __printf_flags_ss_wp.o(.constdata)
    maptable                                 0x0800aee0   Data          17  __printf_flags_ss_wp.o(.constdata)
    .constdata                               0x0800aef4   Section      148  bigflt0.o(.constdata)
    tenpwrs_x                                0x0800aef4   Data          60  bigflt0.o(.constdata)
    tenpwrs_i                                0x0800af30   Data          64  bigflt0.o(.constdata)
    .conststring                             0x0800af88   Section       21  main.o(.conststring)
    .conststring                             0x0800afa0   Section       40  usmart.o(.conststring)
    .conststring                             0x0800afc8   Section      148  usmart_config.o(.conststring)
    locale$$data                             0x0800b07c   Section       28  lc_numeric_c.o(locale$$data)
    __lcnum_c_name                           0x0800b080   Data           2  lc_numeric_c.o(locale$$data)
    __lcnum_c_start                          0x0800b088   Data           0  lc_numeric_c.o(locale$$data)
    __lcnum_c_point                          0x0800b094   Data           0  lc_numeric_c.o(locale$$data)
    __lcnum_c_thousands                      0x0800b096   Data           0  lc_numeric_c.o(locale$$data)
    __lcnum_c_grouping                       0x0800b097   Data           0  lc_numeric_c.o(locale$$data)
    __lcnum_c_end                            0x0800b098   Data           0  lc_numeric_c.o(locale$$data)
    .data                                    0x20000000   Section       36  main.o(.data)
    .data                                    0x20000024   Section        4  delay.o(.data)
    fac_us                                   0x20000024   Data           1  delay.o(.data)
    fac_ms                                   0x20000026   Data           2  delay.o(.data)
    .data                                    0x20000028   Section        6  usart.o(.data)
    .data                                    0x2000002e   Section       16  stm32f4xx_rcc.o(.data)
    APBAHBPrescTable                         0x2000002e   Data          16  stm32f4xx_rcc.o(.data)
    .data                                    0x2000003e   Section        1  key.o(.data)
    key_up                                   0x2000003e   Data           1  key.o(.data)
    .data                                    0x20000040   Section        4  lcd.o(.data)
    .data                                    0x20000044   Section        2  usart3.o(.data)
    .data                                    0x20000048   Section       28  usmart.o(.data)
    .data                                    0x20000064   Section      284  usmart_config.o(.data)
    .bss                                     0x20000180   Section      618  main.o(.bss)
    .bss                                     0x200003ea   Section      200  usart.o(.bss)
    .bss                                     0x200004b2   Section       14  lcd.o(.bss)
    .bss                                     0x200004c0   Section      800  usart3.o(.bss)
    .bss                                     0x200007e0   Section       96  libspace.o(.bss)
    HEAP                                     0x20000840   Section      512  startup_stm32f40_41xxx.o(HEAP)
    Heap_Mem                                 0x20000840   Data         512  startup_stm32f40_41xxx.o(HEAP)
    STACK                                    0x20000a40   Section     1024  startup_stm32f40_41xxx.o(STACK)
    Stack_Mem                                0x20000a40   Data        1024  startup_stm32f40_41xxx.o(STACK)
    __initial_sp                             0x20000e40   Data           0  startup_stm32f40_41xxx.o(STACK)

    Global Symbols

    Symbol Name                              Value     Ov Type        Size  Object(Section)

    BuildAttributes$$THM_ISAv4$E$P$D$K$B$S$7EM$VFPi3$EXTD16$VFPS$VFMA$PE$A:L22UL41UL21$X:L11$S22US41US21$IEEE1$IW$USESV6$~STKCKD$USESV7$~SHL$OTIME$ROPI$IEEEJ$EBA8$UX$STANDARDLIB$REQ8$PRES8$EABIv2 0x00000000   Number         0  anon$$obj.o ABSOLUTE
    __ARM_use_no_argv                        0x00000000   Number         0  main.o ABSOLUTE
    _printf_flags                            0x00000000   Number         0  printf_stubs.o ABSOLUTE
    _printf_return_value                     0x00000000   Number         0  printf_stubs.o ABSOLUTE
    _printf_sizespec                         0x00000000   Number         0  printf_stubs.o ABSOLUTE
    _printf_widthprec                        0x00000000   Number         0  printf_stubs.o ABSOLUTE
    __ARM_exceptions_init                     - Undefined Weak Reference
    __alloca_initialize                       - Undefined Weak Reference
    __arm_preinit_                            - Undefined Weak Reference
    __cpp_initialize__aeabi_                  - Undefined Weak Reference
    __cxa_finalize                            - Undefined Weak Reference
    __sigvec_lookup                           - Undefined Weak Reference
    _atexit_init                              - Undefined Weak Reference
    _call_atexit_fns                          - Undefined Weak Reference
    _clock_init                               - Undefined Weak Reference
    _fp_trap_init                             - Undefined Weak Reference
    _fp_trap_shutdown                         - Undefined Weak Reference
    _get_lc_collate                           - Undefined Weak Reference
    _get_lc_monetary                          - Undefined Weak Reference
    _get_lc_time                              - Undefined Weak Reference
    _getenv_init                              - Undefined Weak Reference
    _handle_redirection                       - Undefined Weak Reference
    _init_alloc                               - Undefined Weak Reference
    _init_user_alloc                          - Undefined Weak Reference
    _initio                                   - Undefined Weak Reference
    _mutex_acquire                            - Undefined Weak Reference
    _mutex_release                            - Undefined Weak Reference
    _printf_mbtowc                            - Undefined Weak Reference
    _printf_wc                                - Undefined Weak Reference
    _rand_init                                - Undefined Weak Reference
    _signal_finish                            - Undefined Weak Reference
    _signal_init                              - Undefined Weak Reference
    _terminate_alloc                          - Undefined Weak Reference
    _terminate_user_alloc                     - Undefined Weak Reference
    _terminateio                              - Undefined Weak Reference
    __Vectors_Size                           0x00000188   Number         0  startup_stm32f40_41xxx.o ABSOLUTE
    __Vectors                                0x08000000   Data           4  startup_stm32f40_41xxx.o(RESET)
    __Vectors_End                            0x08000188   Data           0  startup_stm32f40_41xxx.o(RESET)
    __main                                   0x08000189   Thumb Code     8  __main.o(!!!main)
    __scatterload                            0x08000191   Thumb Code     0  __scatter.o(!!!scatter)
    __scatterload_rt2                        0x08000191   Thumb Code    44  __scatter.o(!!!scatter)
    __scatterload_rt2_thumb_only             0x08000191   Thumb Code     0  __scatter.o(!!!scatter)
    __scatterload_null                       0x0800019f   Thumb Code     0  __scatter.o(!!!scatter)
    __decompress                             0x080001c5   Thumb Code    90  __dczerorl2.o(!!dczerorl2)
    __decompress1                            0x080001c5   Thumb Code     0  __dczerorl2.o(!!dczerorl2)
    __scatterload_zeroinit                   0x08000221   Thumb Code    28  __scatter_zi.o(!!handler_zi)
    _printf_f                                0x0800023d   Thumb Code     0  _printf_f.o(.ARM.Collect$$_printf_percent$$00000003)
    _printf_percent                          0x0800023d   Thumb Code     0  _printf_percent.o(.ARM.Collect$$_printf_percent$$00000000)
    _printf_d                                0x08000243   Thumb Code     0  _printf_d.o(.ARM.Collect$$_printf_percent$$00000009)
    _printf_u                                0x08000249   Thumb Code     0  _printf_u.o(.ARM.Collect$$_printf_percent$$0000000A)
    _printf_x                                0x0800024f   Thumb Code     0  _printf_x.o(.ARM.Collect$$_printf_percent$$0000000C)
    _printf_c                                0x08000255   Thumb Code     0  _printf_c.o(.ARM.Collect$$_printf_percent$$00000013)
    _printf_s                                0x0800025b   Thumb Code     0  _printf_s.o(.ARM.Collect$$_printf_percent$$00000014)
    _printf_percent_end                      0x08000261   Thumb Code     0  _printf_percent_end.o(.ARM.Collect$$_printf_percent$$00000017)
    __rt_lib_init                            0x08000265   Thumb Code     0  libinit.o(.ARM.Collect$$libinit$$00000000)
    __rt_lib_init_fp_1                       0x08000267   Thumb Code     0  libinit2.o(.ARM.Collect$$libinit$$00000001)
    __rt_lib_init_heap_1                     0x0800026b   Thumb Code     0  libinit2.o(.ARM.Collect$$libinit$$0000000A)
    __rt_lib_init_lc_common                  0x0800026b   Thumb Code     0  libinit2.o(.ARM.Collect$$libinit$$0000000F)
    __rt_lib_init_preinit_1                  0x0800026b   Thumb Code     0  libinit2.o(.ARM.Collect$$libinit$$00000004)
    __rt_lib_init_rand_1                     0x0800026b   Thumb Code     0  libinit2.o(.ARM.Collect$$libinit$$0000000E)
    __rt_lib_init_user_alloc_1               0x0800026b   Thumb Code     0  libinit2.o(.ARM.Collect$$libinit$$0000000C)
    __rt_lib_init_lc_collate_1               0x08000271   Thumb Code     0  libinit2.o(.ARM.Collect$$libinit$$00000011)
    __rt_lib_init_lc_ctype_1                 0x08000271   Thumb Code     0  libinit2.o(.ARM.Collect$$libinit$$00000013)
    __rt_lib_init_lc_monetary_1              0x08000271   Thumb Code     0  libinit2.o(.ARM.Collect$$libinit$$00000015)
    __rt_lib_init_lc_numeric_2               0x08000271   Thumb Code     0  libinit2.o(.ARM.Collect$$libinit$$00000016)
    __rt_lib_init_alloca_1                   0x0800027b   Thumb Code     0  libinit2.o(.ARM.Collect$$libinit$$0000002E)
    __rt_lib_init_argv_1                     0x0800027b   Thumb Code     0  libinit2.o(.ARM.Collect$$libinit$$0000002C)
    __rt_lib_init_atexit_1                   0x0800027b   Thumb Code     0  libinit2.o(.ARM.Collect$$libinit$$0000001B)
    __rt_lib_init_clock_1                    0x0800027b   Thumb Code     0  libinit2.o(.ARM.Collect$$libinit$$00000021)
    __rt_lib_init_cpp_1                      0x0800027b   Thumb Code     0  libinit2.o(.ARM.Collect$$libinit$$00000032)
    __rt_lib_init_exceptions_1               0x0800027b   Thumb Code     0  libinit2.o(.ARM.Collect$$libinit$$00000030)
    __rt_lib_init_fp_trap_1                  0x0800027b   Thumb Code     0  libinit2.o(.ARM.Collect$$libinit$$0000001F)
    __rt_lib_init_getenv_1                   0x0800027b   Thumb Code     0  libinit2.o(.ARM.Collect$$libinit$$00000023)
    __rt_lib_init_lc_numeric_1               0x0800027b   Thumb Code     0  libinit2.o(.ARM.Collect$$libinit$$00000017)
    __rt_lib_init_lc_time_1                  0x0800027b   Thumb Code     0  libinit2.o(.ARM.Collect$$libinit$$00000019)
    __rt_lib_init_return                     0x0800027b   Thumb Code     0  libinit2.o(.ARM.Collect$$libinit$$00000033)
    __rt_lib_init_signal_1                   0x0800027b   Thumb Code     0  libinit2.o(.ARM.Collect$$libinit$$0000001D)
    __rt_lib_init_stdio_1                    0x0800027b   Thumb Code     0  libinit2.o(.ARM.Collect$$libinit$$00000025)
    __rt_lib_shutdown                        0x0800027d   Thumb Code     0  libshutdown.o(.ARM.Collect$$libshutdown$$00000000)
    __rt_lib_shutdown_cpp_1                  0x0800027f   Thumb Code     0  libshutdown2.o(.ARM.Collect$$libshutdown$$00000002)
    __rt_lib_shutdown_fp_trap_1              0x0800027f   Thumb Code     0  libshutdown2.o(.ARM.Collect$$libshutdown$$00000007)
    __rt_lib_shutdown_heap_1                 0x0800027f   Thumb Code     0  libshutdown2.o(.ARM.Collect$$libshutdown$$0000000F)
    __rt_lib_shutdown_return                 0x0800027f   Thumb Code     0  libshutdown2.o(.ARM.Collect$$libshutdown$$00000010)
    __rt_lib_shutdown_signal_1               0x0800027f   Thumb Code     0  libshutdown2.o(.ARM.Collect$$libshutdown$$0000000A)
    __rt_lib_shutdown_stdio_1                0x0800027f   Thumb Code     0  libshutdown2.o(.ARM.Collect$$libshutdown$$00000004)
    __rt_lib_shutdown_user_alloc_1           0x0800027f   Thumb Code     0  libshutdown2.o(.ARM.Collect$$libshutdown$$0000000C)
    __rt_entry                               0x08000281   Thumb Code     0  __rtentry.o(.ARM.Collect$$rtentry$$00000000)
    __rt_entry_presh_1                       0x08000281   Thumb Code     0  __rtentry2.o(.ARM.Collect$$rtentry$$00000002)
    __rt_entry_sh                            0x08000281   Thumb Code     0  __rtentry4.o(.ARM.Collect$$rtentry$$00000004)
    __rt_entry_li                            0x08000287   Thumb Code     0  __rtentry2.o(.ARM.Collect$$rtentry$$0000000A)
    __rt_entry_postsh_1                      0x08000287   Thumb Code     0  __rtentry2.o(.ARM.Collect$$rtentry$$00000009)
    __rt_entry_main                          0x0800028b   Thumb Code     0  __rtentry2.o(.ARM.Collect$$rtentry$$0000000D)
    __rt_entry_postli_1                      0x0800028b   Thumb Code     0  __rtentry2.o(.ARM.Collect$$rtentry$$0000000C)
    __rt_exit                                0x08000293   Thumb Code     0  rtexit.o(.ARM.Collect$$rtexit$$00000000)
    __rt_exit_ls                             0x08000295   Thumb Code     0  rtexit2.o(.ARM.Collect$$rtexit$$00000003)
    __rt_exit_prels_1                        0x08000295   Thumb Code     0  rtexit2.o(.ARM.Collect$$rtexit$$00000002)
    __rt_exit_exit                           0x08000299   Thumb Code     0  rtexit2.o(.ARM.Collect$$rtexit$$00000004)
    Reset_Handler                            0x080002a1   Thumb Code     8  startup_stm32f40_41xxx.o(.text)
    ADC_IRQHandler                           0x080002bb   Thumb Code     0  startup_stm32f40_41xxx.o(.text)
    CAN1_RX0_IRQHandler                      0x080002bb   Thumb Code     0  startup_stm32f40_41xxx.o(.text)
    CAN1_RX1_IRQHandler                      0x080002bb   Thumb Code     0  startup_stm32f40_41xxx.o(.text)
    CAN1_SCE_IRQHandler                      0x080002bb   Thumb Code     0  startup_stm32f40_41xxx.o(.text)
    CAN1_TX_IRQHandler                       0x080002bb   Thumb Code     0  startup_stm32f40_41xxx.o(.text)
    CAN2_RX0_IRQHandler                      0x080002bb   Thumb Code     0  startup_stm32f40_41xxx.o(.text)
    CAN2_RX1_IRQHandler                      0x080002bb   Thumb Code     0  startup_stm32f40_41xxx.o(.text)
    CAN2_SCE_IRQHandler                      0x080002bb   Thumb Code     0  startup_stm32f40_41xxx.o(.text)
    CAN2_TX_IRQHandler                       0x080002bb   Thumb Code     0  startup_stm32f40_41xxx.o(.text)
    CRYP_IRQHandler                          0x080002bb   Thumb Code     0  startup_stm32f40_41xxx.o(.text)
    DCMI_IRQHandler                          0x080002bb   Thumb Code     0  startup_stm32f40_41xxx.o(.text)
    DMA1_Stream0_IRQHandler                  0x080002bb   Thumb Code     0  startup_stm32f40_41xxx.o(.text)
    DMA1_Stream1_IRQHandler                  0x080002bb   Thumb Code     0  startup_stm32f40_41xxx.o(.text)
    DMA1_Stream2_IRQHandler                  0x080002bb   Thumb Code     0  startup_stm32f40_41xxx.o(.text)
    DMA1_Stream3_IRQHandler                  0x080002bb   Thumb Code     0  startup_stm32f40_41xxx.o(.text)
    DMA1_Stream4_IRQHandler                  0x080002bb   Thumb Code     0  startup_stm32f40_41xxx.o(.text)
    DMA1_Stream5_IRQHandler                  0x080002bb   Thumb Code     0  startup_stm32f40_41xxx.o(.text)
    DMA1_Stream6_IRQHandler                  0x080002bb   Thumb Code     0  startup_stm32f40_41xxx.o(.text)
    DMA1_Stream7_IRQHandler                  0x080002bb   Thumb Code     0  startup_stm32f40_41xxx.o(.text)
    DMA2_Stream0_IRQHandler                  0x080002bb   Thumb Code     0  startup_stm32f40_41xxx.o(.text)
    DMA2_Stream1_IRQHandler                  0x080002bb   Thumb Code     0  startup_stm32f40_41xxx.o(.text)
    DMA2_Stream2_IRQHandler                  0x080002bb   Thumb Code     0  startup_stm32f40_41xxx.o(.text)
    DMA2_Stream3_IRQHandler                  0x080002bb   Thumb Code     0  startup_stm32f40_41xxx.o(.text)
    DMA2_Stream4_IRQHandler                  0x080002bb   Thumb Code     0  startup_stm32f40_41xxx.o(.text)
    DMA2_Stream5_IRQHandler                  0x080002bb   Thumb Code     0  startup_stm32f40_41xxx.o(.text)
    DMA2_Stream6_IRQHandler                  0x080002bb   Thumb Code     0  startup_stm32f40_41xxx.o(.text)
    DMA2_Stream7_IRQHandler                  0x080002bb   Thumb Code     0  startup_stm32f40_41xxx.o(.text)
    ETH_IRQHandler                           0x080002bb   Thumb Code     0  startup_stm32f40_41xxx.o(.text)
    ETH_WKUP_IRQHandler                      0x080002bb   Thumb Code     0  startup_stm32f40_41xxx.o(.text)
    EXTI0_IRQHandler                         0x080002bb   Thumb Code     0  startup_stm32f40_41xxx.o(.text)
    EXTI15_10_IRQHandler                     0x080002bb   Thumb Code     0  startup_stm32f40_41xxx.o(.text)
    EXTI1_IRQHandler                         0x080002bb   Thumb Code     0  startup_stm32f40_41xxx.o(.text)
    EXTI2_IRQHandler                         0x080002bb   Thumb Code     0  startup_stm32f40_41xxx.o(.text)
    EXTI3_IRQHandler                         0x080002bb   Thumb Code     0  startup_stm32f40_41xxx.o(.text)
    EXTI4_IRQHandler                         0x080002bb   Thumb Code     0  startup_stm32f40_41xxx.o(.text)
    EXTI9_5_IRQHandler                       0x080002bb   Thumb Code     0  startup_stm32f40_41xxx.o(.text)
    FLASH_IRQHandler                         0x080002bb   Thumb Code     0  startup_stm32f40_41xxx.o(.text)
    FPU_IRQHandler                           0x080002bb   Thumb Code     0  startup_stm32f40_41xxx.o(.text)
    FSMC_IRQHandler                          0x080002bb   Thumb Code     0  startup_stm32f40_41xxx.o(.text)
    HASH_RNG_IRQHandler                      0x080002bb   Thumb Code     0  startup_stm32f40_41xxx.o(.text)
    I2C1_ER_IRQHandler                       0x080002bb   Thumb Code     0  startup_stm32f40_41xxx.o(.text)
    I2C1_EV_IRQHandler                       0x080002bb   Thumb Code     0  startup_stm32f40_41xxx.o(.text)
    I2C2_ER_IRQHandler                       0x080002bb   Thumb Code     0  startup_stm32f40_41xxx.o(.text)
    I2C2_EV_IRQHandler                       0x080002bb   Thumb Code     0  startup_stm32f40_41xxx.o(.text)
    I2C3_ER_IRQHandler                       0x080002bb   Thumb Code     0  startup_stm32f40_41xxx.o(.text)
    I2C3_EV_IRQHandler                       0x080002bb   Thumb Code     0  startup_stm32f40_41xxx.o(.text)
    OTG_FS_IRQHandler                        0x080002bb   Thumb Code     0  startup_stm32f40_41xxx.o(.text)
    OTG_FS_WKUP_IRQHandler                   0x080002bb   Thumb Code     0  startup_stm32f40_41xxx.o(.text)
    OTG_HS_EP1_IN_IRQHandler                 0x080002bb   Thumb Code     0  startup_stm32f40_41xxx.o(.text)
    OTG_HS_EP1_OUT_IRQHandler                0x080002bb   Thumb Code     0  startup_stm32f40_41xxx.o(.text)
    OTG_HS_IRQHandler                        0x080002bb   Thumb Code     0  startup_stm32f40_41xxx.o(.text)
    OTG_HS_WKUP_IRQHandler                   0x080002bb   Thumb Code     0  startup_stm32f40_41xxx.o(.text)
    PVD_IRQHandler                           0x080002bb   Thumb Code     0  startup_stm32f40_41xxx.o(.text)
    RCC_IRQHandler                           0x080002bb   Thumb Code     0  startup_stm32f40_41xxx.o(.text)
    RTC_Alarm_IRQHandler                     0x080002bb   Thumb Code     0  startup_stm32f40_41xxx.o(.text)
    RTC_WKUP_IRQHandler                      0x080002bb   Thumb Code     0  startup_stm32f40_41xxx.o(.text)
    SDIO_IRQHandler                          0x080002bb   Thumb Code     0  startup_stm32f40_41xxx.o(.text)
    SPI1_IRQHandler                          0x080002bb   Thumb Code     0  startup_stm32f40_41xxx.o(.text)
    SPI2_IRQHandler                          0x080002bb   Thumb Code     0  startup_stm32f40_41xxx.o(.text)
    SPI3_IRQHandler                          0x080002bb   Thumb Code     0  startup_stm32f40_41xxx.o(.text)
    TAMP_STAMP_IRQHandler                    0x080002bb   Thumb Code     0  startup_stm32f40_41xxx.o(.text)
    TIM1_BRK_TIM9_IRQHandler                 0x080002bb   Thumb Code     0  startup_stm32f40_41xxx.o(.text)
    TIM1_CC_IRQHandler                       0x080002bb   Thumb Code     0  startup_stm32f40_41xxx.o(.text)
    TIM1_TRG_COM_TIM11_IRQHandler            0x080002bb   Thumb Code     0  startup_stm32f40_41xxx.o(.text)
    TIM1_UP_TIM10_IRQHandler                 0x080002bb   Thumb Code     0  startup_stm32f40_41xxx.o(.text)
    TIM2_IRQHandler                          0x080002bb   Thumb Code     0  startup_stm32f40_41xxx.o(.text)
    TIM3_IRQHandler                          0x080002bb   Thumb Code     0  startup_stm32f40_41xxx.o(.text)
    TIM5_IRQHandler                          0x080002bb   Thumb Code     0  startup_stm32f40_41xxx.o(.text)
    TIM6_DAC_IRQHandler                      0x080002bb   Thumb Code     0  startup_stm32f40_41xxx.o(.text)
    TIM8_BRK_TIM12_IRQHandler                0x080002bb   Thumb Code     0  startup_stm32f40_41xxx.o(.text)
    TIM8_CC_IRQHandler                       0x080002bb   Thumb Code     0  startup_stm32f40_41xxx.o(.text)
    TIM8_TRG_COM_TIM14_IRQHandler            0x080002bb   Thumb Code     0  startup_stm32f40_41xxx.o(.text)
    TIM8_UP_TIM13_IRQHandler                 0x080002bb   Thumb Code     0  startup_stm32f40_41xxx.o(.text)
    UART4_IRQHandler                         0x080002bb   Thumb Code     0  startup_stm32f40_41xxx.o(.text)
    UART5_IRQHandler                         0x080002bb   Thumb Code     0  startup_stm32f40_41xxx.o(.text)
    USART2_IRQHandler                        0x080002bb   Thumb Code     0  startup_stm32f40_41xxx.o(.text)
    USART6_IRQHandler                        0x080002bb   Thumb Code     0  startup_stm32f40_41xxx.o(.text)
    WWDG_IRQHandler                          0x080002bb   Thumb Code     0  startup_stm32f40_41xxx.o(.text)
    __user_initial_stackheap                 0x080002bd   Thumb Code     0  startup_stm32f40_41xxx.o(.text)
    __use_no_semihosting                     0x080002e1   Thumb Code     2  use_no_semi_2.o(.text)
    __2printf                                0x080002e5   Thumb Code    20  __2printf.o(.text)
    __2sprintf                               0x080002fd   Thumb Code    38  __2sprintf.o(.text)
    _printf_pre_padding                      0x08000329   Thumb Code    44  _printf_pad.o(.text)
    _printf_post_padding                     0x08000355   Thumb Code    34  _printf_pad.o(.text)
    _printf_str                              0x08000377   Thumb Code    82  _printf_str.o(.text)
    _printf_int_dec                          0x080003c9   Thumb Code   104  _printf_dec.o(.text)
    _printf_longlong_hex                     0x08000441   Thumb Code    86  _printf_hex_int_ll_ptr.o(.text)
    _printf_int_hex                          0x08000497   Thumb Code    28  _printf_hex_int_ll_ptr.o(.text)
    _printf_ll_hex                           0x080004b3   Thumb Code    12  _printf_hex_int_ll_ptr.o(.text)
    _printf_hex_ptr                          0x080004bf   Thumb Code    18  _printf_hex_int_ll_ptr.o(.text)
    __printf                                 0x080004d5   Thumb Code   388  __printf_flags_ss_wp.o(.text)
    strstr                                   0x0800065d   Thumb Code    36  strstr.o(.text)
    __use_two_region_memory                  0x08000681   Thumb Code     2  heapauxi.o(.text)
    __rt_heap_escrow$2region                 0x08000683   Thumb Code     2  heapauxi.o(.text)
    __rt_heap_expand$2region                 0x08000685   Thumb Code     2  heapauxi.o(.text)
    __I$use$semihosting                      0x08000687   Thumb Code     0  use_no_semi.o(.text)
    __use_no_semihosting_swi                 0x08000687   Thumb Code     2  use_no_semi.o(.text)
    _printf_int_common                       0x08000689   Thumb Code   178  _printf_intcommon.o(.text)
    __lib_sel_fp_printf                      0x0800073b   Thumb Code     2  _printf_fp_dec.o(.text)
    _printf_fp_dec_real                      0x080008e9   Thumb Code   620  _printf_fp_dec.o(.text)
    _printf_char_common                      0x08000b5f   Thumb Code    32  _printf_char_common.o(.text)
    _sputc                                   0x08000b85   Thumb Code    10  _sputc.o(.text)
    _printf_cs_common                        0x08000b8f   Thumb Code    20  _printf_char.o(.text)
    _printf_char                             0x08000ba3   Thumb Code    16  _printf_char.o(.text)
    _printf_string                           0x08000bb3   Thumb Code     8  _printf_char.o(.text)
    _printf_char_file                        0x08000bbd   Thumb Code    32  _printf_char_file.o(.text)
    __rt_locale                              0x08000be1   Thumb Code     8  rt_locale_intlibspace.o(.text)
    _ll_udiv10                               0x08000be9   Thumb Code   138  lludiv10.o(.text)
    _printf_fp_infnan                        0x08000c75   Thumb Code   112  _printf_fp_infnan.o(.text)
    _btod_etento                             0x08000cf5   Thumb Code   216  bigflt0.o(.text)
    ferror                                   0x08000dd1   Thumb Code     8  ferror.o(.text)
    __user_libspace                          0x08000dd9   Thumb Code     8  libspace.o(.text)
    __user_perproc_libspace                  0x08000dd9   Thumb Code     0  libspace.o(.text)
    __user_perthread_libspace                0x08000dd9   Thumb Code     0  libspace.o(.text)
    __user_setup_stackheap                   0x08000de1   Thumb Code    74  sys_stackheap_outer.o(.text)
    exit                                     0x08000e2b   Thumb Code    18  exit.o(.text)
    strcmp                                   0x08000e3d   Thumb Code   128  strcmpv7m.o(.text)
    _btod_d2e                                0x08000ebd   Thumb Code    62  btod.o(CL$$btod_d2e)
    _d2e_denorm_low                          0x08000efb   Thumb Code    70  btod.o(CL$$btod_d2e_denorm_low)
    _d2e_norm_op1                            0x08000f41   Thumb Code    96  btod.o(CL$$btod_d2e_norm_op1)
    __btod_div_common                        0x08000fa1   Thumb Code   696  btod.o(CL$$btod_div_common)
    _e2e                                     0x080012d9   Thumb Code   198  btod.o(CL$$btod_e2e)
    _btod_ediv                               0x0800139f   Thumb Code    40  btod.o(CL$$btod_ediv)
    _btod_emul                               0x080013c7   Thumb Code    40  btod.o(CL$$btod_emul)
    __btod_mult_common                       0x080013ef   Thumb Code   580  btod.o(CL$$btod_mult_common)
    BusFault_Handler                         0x08001633   Thumb Code     4  stm32f4xx_it.o(i.BusFault_Handler)
    DebugMon_Handler                         0x08001637   Thumb Code     2  stm32f4xx_it.o(i.DebugMon_Handler)
    FSMC_NORSRAMCmd                          0x08001639   Thumb Code    46  stm32f4xx_fsmc.o(i.FSMC_NORSRAMCmd)
    FSMC_NORSRAMInit                         0x0800166d   Thumb Code   230  stm32f4xx_fsmc.o(i.FSMC_NORSRAMInit)
    GPIO_Init                                0x08001753   Thumb Code   144  stm32f4xx_gpio.o(i.GPIO_Init)
    GPIO_PinAFConfig                         0x080017e3   Thumb Code    70  stm32f4xx_gpio.o(i.GPIO_PinAFConfig)
    GPIO_ReadInputDataBit                    0x08001829   Thumb Code    18  stm32f4xx_gpio.o(i.GPIO_ReadInputDataBit)
    GPIO_SetBits                             0x0800183b   Thumb Code     4  stm32f4xx_gpio.o(i.GPIO_SetBits)
    GPS_Analysis                             0x0800183f   Thumb Code    56  gps.o(i.GPS_Analysis)
    Gps_Msg_Show                             0x08001879   Thumb Code   732  main.o(i.Gps_Msg_Show)
    HardFault_Handler                        0x08001cc5   Thumb Code     4  stm32f4xx_it.o(i.HardFault_Handler)
    KEY_Init                                 0x08001cc9   Thumb Code    60  key.o(i.KEY_Init)
    KEY_Scan                                 0x08001d0d   Thumb Code   188  key.o(i.KEY_Scan)
    LCD_Clear                                0x08001dd5   Thumb Code   100  lcd.o(i.LCD_Clear)
    LCD_Display_Dir                          0x08001e41   Thumb Code   444  lcd.o(i.LCD_Display_Dir)
    LCD_Fast_DrawPoint                       0x08002001   Thumb Code   374  lcd.o(i.LCD_Fast_DrawPoint)
    LCD_Fill                                 0x08002181   Thumb Code   180  lcd.o(i.LCD_Fill)
    LCD_Init                                 0x08002239   Thumb Code 14696  lcd.o(i.LCD_Init)
    LCD_RD_DATA                              0x08005ba9   Thumb Code    14  lcd.o(i.LCD_RD_DATA)
    LCD_ReadReg                              0x08005bbd   Thumb Code    22  lcd.o(i.LCD_ReadReg)
    LCD_SSD_BackLightSet                     0x08005bd5   Thumb Code    88  lcd.o(i.LCD_SSD_BackLightSet)
    LCD_Scan_Dir                             0x08005c35   Thumb Code   744  lcd.o(i.LCD_Scan_Dir)
    LCD_SetCursor                            0x08005f21   Thumb Code   418  lcd.o(i.LCD_SetCursor)
    LCD_ShowChar                             0x080060c9   Thumb Code   272  lcd.o(i.LCD_ShowChar)
    LCD_ShowString                           0x080061f1   Thumb Code   102  lcd.o(i.LCD_ShowString)
    LCD_WR_DATA                              0x08006259   Thumb Code    18  lcd.o(i.LCD_WR_DATA)
    LCD_WR_REG                               0x08006271   Thumb Code    18  lcd.o(i.LCD_WR_REG)
    LCD_WriteRAM_Prepare                     0x08006289   Thumb Code    10  lcd.o(i.LCD_WriteRAM_Prepare)
    LCD_WriteReg                             0x0800629d   Thumb Code    14  lcd.o(i.LCD_WriteReg)
    LED_Init                                 0x080062b1   Thumb Code    60  led.o(i.LED_Init)
    MemManage_Handler                        0x080062f1   Thumb Code     4  stm32f4xx_it.o(i.MemManage_Handler)
    NMEA_BDGSV_Analysis                      0x080062f5   Thumb Code   298  gps.o(i.NMEA_BDGSV_Analysis)
    NMEA_Comma_Pos                           0x08006429   Thumb Code    50  gps.o(i.NMEA_Comma_Pos)
    NMEA_GNGGA_Analysis                      0x0800645d   Thumb Code    96  gps.o(i.NMEA_GNGGA_Analysis)
    NMEA_GNGSA_Analysis                      0x080064c5   Thumb Code   176  gps.o(i.NMEA_GNGSA_Analysis)
    NMEA_GNRMC_Analysis                      0x0800657d   Thumb Code   536  gps.o(i.NMEA_GNRMC_Analysis)
    NMEA_GNVTG_Analysis                      0x080067a1   Thumb Code    78  gps.o(i.NMEA_GNVTG_Analysis)
    NMEA_GPGSV_Analysis                      0x080067f9   Thumb Code   290  gps.o(i.NMEA_GPGSV_Analysis)
    NMEA_Pow                                 0x08006925   Thumb Code    22  gps.o(i.NMEA_Pow)
    NMEA_Str2num                             0x0800693b   Thumb Code   234  gps.o(i.NMEA_Str2num)
    NMI_Handler                              0x08006a25   Thumb Code     2  stm32f4xx_it.o(i.NMI_Handler)
    NVIC_Init                                0x08006a29   Thumb Code   106  misc.o(i.NVIC_Init)
    NVIC_PriorityGroupConfig                 0x08006aa1   Thumb Code    10  misc.o(i.NVIC_PriorityGroupConfig)
    PendSV_Handler                           0x08006ab5   Thumb Code     2  stm32f4xx_it.o(i.PendSV_Handler)
    RCC_AHB1PeriphClockCmd                   0x08006ab9   Thumb Code    26  stm32f4xx_rcc.o(i.RCC_AHB1PeriphClockCmd)
    RCC_AHB3PeriphClockCmd                   0x08006ad9   Thumb Code    26  stm32f4xx_rcc.o(i.RCC_AHB3PeriphClockCmd)
    RCC_APB1PeriphClockCmd                   0x08006af9   Thumb Code    26  stm32f4xx_rcc.o(i.RCC_APB1PeriphClockCmd)
    RCC_APB1PeriphResetCmd                   0x08006b19   Thumb Code    26  stm32f4xx_rcc.o(i.RCC_APB1PeriphResetCmd)
    RCC_APB2PeriphClockCmd                   0x08006b39   Thumb Code    26  stm32f4xx_rcc.o(i.RCC_APB2PeriphClockCmd)
    RCC_APB2PeriphResetCmd                   0x08006b59   Thumb Code    26  stm32f4xx_rcc.o(i.RCC_APB2PeriphResetCmd)
    RCC_GetClocksFreq                        0x08006b79   Thumb Code   214  stm32f4xx_rcc.o(i.RCC_GetClocksFreq)
    SVC_Handler                              0x08006c61   Thumb Code     2  stm32f4xx_it.o(i.SVC_Handler)
    SkyTra_Cfg_Ack_Check                     0x08006d51   Thumb Code   100  gps.o(i.SkyTra_Cfg_Ack_Check)
    SkyTra_Cfg_Prt                           0x08006dbd   Thumb Code    86  gps.o(i.SkyTra_Cfg_Prt)
    SkyTra_Cfg_Rate                          0x08006e1d   Thumb Code    60  gps.o(i.SkyTra_Cfg_Rate)
    SkyTra_Cfg_Tp                            0x08006e5d   Thumb Code   126  gps.o(i.SkyTra_Cfg_Tp)
    SkyTra_Send_Date                         0x08006ee1   Thumb Code    40  gps.o(i.SkyTra_Send_Date)
    SysTick_CLKSourceConfig                  0x08006f0d   Thumb Code    40  misc.o(i.SysTick_CLKSourceConfig)
    SysTick_Handler                          0x08006f35   Thumb Code     2  stm32f4xx_it.o(i.SysTick_Handler)
    SystemInit                               0x08006f39   Thumb Code    88  system_stm32f4xx.o(i.SystemInit)
    TIM4_IRQHandler                          0x08006fa1   Thumb Code    46  usmart.o(i.TIM4_IRQHandler)
    TIM7_IRQHandler                          0x08006fd9   Thumb Code    42  timer.o(i.TIM7_IRQHandler)
    TIM7_Int_Init                            0x0800700d   Thumb Code    78  timer.o(i.TIM7_Int_Init)
    TIM_ClearFlag                            0x08007061   Thumb Code     6  stm32f4xx_tim.o(i.TIM_ClearFlag)
    TIM_ClearITPendingBit                    0x08007067   Thumb Code     6  stm32f4xx_tim.o(i.TIM_ClearITPendingBit)
    TIM_Cmd                                  0x0800706d   Thumb Code    24  stm32f4xx_tim.o(i.TIM_Cmd)
    TIM_GetCounter                           0x08007085   Thumb Code     6  stm32f4xx_tim.o(i.TIM_GetCounter)
    TIM_GetFlagStatus                        0x0800708b   Thumb Code    18  stm32f4xx_tim.o(i.TIM_GetFlagStatus)
    TIM_GetITStatus                          0x0800709d   Thumb Code    34  stm32f4xx_tim.o(i.TIM_GetITStatus)
    TIM_ITConfig                             0x080070bf   Thumb Code    18  stm32f4xx_tim.o(i.TIM_ITConfig)
    TIM_SetAutoreload                        0x080070d1   Thumb Code     4  stm32f4xx_tim.o(i.TIM_SetAutoreload)
    TIM_SetCounter                           0x080070d5   Thumb Code     4  stm32f4xx_tim.o(i.TIM_SetCounter)
    TIM_TimeBaseInit                         0x080070d9   Thumb Code   104  stm32f4xx_tim.o(i.TIM_TimeBaseInit)
    Timer4_Init                              0x0800715d   Thumb Code    86  usmart.o(i.Timer4_Init)
    USART1_IRQHandler                        0x080071b9   Thumb Code   122  usart.o(i.USART1_IRQHandler)
    USART3_IRQHandler                        0x08007241   Thumb Code    96  usart3.o(i.USART3_IRQHandler)
    USART_ClearFlag                          0x080072b1   Thumb Code    18  stm32f4xx_usart.o(i.USART_ClearFlag)
    USART_Cmd                                0x080072c3   Thumb Code    24  stm32f4xx_usart.o(i.USART_Cmd)
    USART_DeInit                             0x080072dd   Thumb Code   206  stm32f4xx_usart.o(i.USART_DeInit)
    USART_GetITStatus                        0x080073cd   Thumb Code    84  stm32f4xx_usart.o(i.USART_GetITStatus)
    USART_ITConfig                           0x08007421   Thumb Code    74  stm32f4xx_usart.o(i.USART_ITConfig)
    USART_Init                               0x0800746d   Thumb Code   204  stm32f4xx_usart.o(i.USART_Init)
    USART_ReceiveData                        0x08007541   Thumb Code    10  stm32f4xx_usart.o(i.USART_ReceiveData)
    UsageFault_Handler                       0x08007689   Thumb Code     4  stm32f4xx_it.o(i.UsageFault_Handler)
    __ARM_fpclassify                         0x0800768d   Thumb Code    48  fpclassify.o(i.__ARM_fpclassify)
    _is_digit                                0x080076bd   Thumb Code    14  __printf_wp.o(i._is_digit)
    _sys_exit                                0x080076cb   Thumb Code     4  usart.o(i._sys_exit)
    delay_init                               0x0800783d   Thumb Code    52  delay.o(i.delay_init)
    delay_ms                                 0x08007879   Thumb Code    56  delay.o(i.delay_ms)
    delay_us                                 0x080078b1   Thumb Code    72  delay.o(i.delay_us)
    delay_xms                                0x080078fd   Thumb Code    72  delay.o(i.delay_xms)
    fabs                                     0x08007949   Thumb Code    24  fabs.o(i.fabs)
    fputc                                    0x08007961   Thumb Code    22  usart.o(i.fputc)
    main                                     0x0800797d   Thumb Code   474  main.o(i.main)
    read_addr                                0x08007c01   Thumb Code     6  usmart.o(i.read_addr)
    uart_init                                0x08007c09   Thumb Code   172  usart.o(i.uart_init)
    usart3_init                              0x08007cbd   Thumb Code   198  usart3.o(i.usart3_init)
    usmart_cmd_rec                           0x08007d95   Thumb Code   170  usmart.o(i.usmart_cmd_rec)
    usmart_exe                               0x08007e45   Thumb Code   632  usmart.o(i.usmart_exe)
    usmart_get_aparm                         0x08008119   Thumb Code   200  usmart_str.o(i.usmart_get_aparm)
    usmart_get_cmdname                       0x080081e1   Thumb Code    54  usmart_str.o(i.usmart_get_cmdname)
    usmart_get_fname                         0x08008219   Thumb Code   440  usmart_str.o(i.usmart_get_fname)
    usmart_get_fparam                        0x080083d9   Thumb Code   262  usmart_str.o(i.usmart_get_fparam)
    usmart_get_parmpos                       0x080084e5   Thumb Code    26  usmart_str.o(i.usmart_get_parmpos)
    usmart_get_runtime                       0x08008505   Thumb Code    60  usmart.o(i.usmart_get_runtime)
    usmart_init                              0x08008549   Thumb Code    36  usmart.o(i.usmart_init)
    usmart_pow                               0x08008571   Thumb Code    22  usmart_str.o(i.usmart_pow)
    usmart_reset_runtime                     0x08008589   Thumb Code    38  usmart.o(i.usmart_reset_runtime)
    usmart_scan                              0x080085b9   Thumb Code   120  usmart.o(i.usmart_scan)
    usmart_search_nextc                      0x08008675   Thumb Code    22  usmart_str.o(i.usmart_search_nextc)
    usmart_str2num                           0x0800868b   Thumb Code   202  usmart_str.o(i.usmart_str2num)
    usmart_strcmp                            0x08008755   Thumb Code    34  usmart_str.o(i.usmart_strcmp)
    usmart_strcopy                           0x08008777   Thumb Code    22  usmart_str.o(i.usmart_strcopy)
    usmart_strlen                            0x0800878d   Thumb Code    24  usmart_str.o(i.usmart_strlen)
    usmart_sys_cmd_exe                       0x080087a5   Thumb Code  1554  usmart.o(i.usmart_sys_cmd_exe)
    write_addr                               0x08008e89   Thumb Code     4  usmart.o(i.write_addr)
    _get_lc_numeric                          0x08008e8d   Thumb Code    44  lc_numeric_c.o(locale$$code)
    __aeabi_dadd                             0x08008eb9   Thumb Code     0  daddsub_clz.o(x$fpl$dadd)
    _dadd                                    0x08008eb9   Thumb Code   332  daddsub_clz.o(x$fpl$dadd)
    __fpl_dcmp_Inf                           0x08009009   Thumb Code    24  dcmpi.o(x$fpl$dcmpinf)
    __aeabi_d2iz                             0x08009021   Thumb Code     0  dfix.o(x$fpl$dfix)
    _dfix                                    0x08009021   Thumb Code    94  dfix.o(x$fpl$dfix)
    __aeabi_d2uiz                            0x08009081   Thumb Code     0  dfixu.o(x$fpl$dfixu)
    _dfixu                                   0x08009081   Thumb Code    90  dfixu.o(x$fpl$dfixu)
    __aeabi_i2d                              0x080090db   Thumb Code     0  dflt_clz.o(x$fpl$dflt)
    _dflt                                    0x080090db   Thumb Code    46  dflt_clz.o(x$fpl$dflt)
    __aeabi_ui2d                             0x08009109   Thumb Code     0  dflt_clz.o(x$fpl$dfltu)
    _dfltu                                   0x08009109   Thumb Code    38  dflt_clz.o(x$fpl$dfltu)
    __aeabi_cdcmple                          0x08009131   Thumb Code     0  dleqf.o(x$fpl$dleqf)
    _dcmple                                  0x08009131   Thumb Code   120  dleqf.o(x$fpl$dleqf)
    __fpl_dcmple_InfNaN                      0x08009193   Thumb Code     0  dleqf.o(x$fpl$dleqf)
    __aeabi_dmul                             0x080091a9   Thumb Code     0  dmul.o(x$fpl$dmul)
    _dmul                                    0x080091a9   Thumb Code   332  dmul.o(x$fpl$dmul)
    __fpl_dnaninf                            0x080092fd   Thumb Code   156  dnaninf.o(x$fpl$dnaninf)
    __fpl_dretinf                            0x08009399   Thumb Code    12  dretinf.o(x$fpl$dretinf)
    __aeabi_cdrcmple                         0x080093a5   Thumb Code     0  drleqf.o(x$fpl$drleqf)
    _drcmple                                 0x080093a5   Thumb Code   108  drleqf.o(x$fpl$drleqf)
    __aeabi_dsub                             0x08009411   Thumb Code     0  daddsub_clz.o(x$fpl$dsub)
    _dsub                                    0x08009411   Thumb Code   464  daddsub_clz.o(x$fpl$dsub)
    __aeabi_f2d                              0x080095e5   Thumb Code     0  f2d.o(x$fpl$f2d)
    _f2d                                     0x080095e5   Thumb Code    86  f2d.o(x$fpl$f2d)
    __fpl_fnaninf                            0x0800963b   Thumb Code   140  fnaninf.o(x$fpl$fnaninf)
    _fp_init                                 0x080096c7   Thumb Code    10  fpinit.o(x$fpl$fpinit)
    __fplib_config_fpu_vfp                   0x080096cf   Thumb Code     0  fpinit.o(x$fpl$fpinit)
    __fplib_config_pureend_doubles           0x080096cf   Thumb Code     0  fpinit.o(x$fpl$fpinit)
    _printf_fp_dec                           0x080096d1   Thumb Code     4  printf1.o(x$fpl$printf1)
    BAUD_id                                  0x080096d4   Data          36  gps.o(.constdata)
    __I$use$fp                               0x080096d4   Number         0  usenofp.o(x$fpl$usenofp)
    asc2_1206                                0x080096f8   Data        1140  lcd.o(.constdata)
    asc2_1608                                0x08009b6c   Data        1520  lcd.o(.constdata)
    asc2_2412                                0x0800a15c   Data        3420  lcd.o(.constdata)
    Region$$Table$$Base                      0x0800b05c   Number         0  anon$$obj.o(Region$$Table)
    Region$$Table$$Limit                     0x0800b07c   Number         0  anon$$obj.o(Region$$Table)
    fixmode_tbl                              0x20000000   Data          16  main.o(.data)
    localTime_year                           0x20000010   Data           4  main.o(.data)
    localTime_month                          0x20000014   Data           4  main.o(.data)
    localTime_date                           0x20000018   Data           4  main.o(.data)
    localTime_hour                           0x2000001c   Data           4  main.o(.data)
    timezone                                 0x20000020   Data           4  main.o(.data)
    __stdout                                 0x20000028   Data           4  usart.o(.data)
    USART_RX_STA                             0x2000002c   Data           2  usart.o(.data)
    POINT_COLOR                              0x20000040   Data           2  lcd.o(.data)
    BACK_COLOR                               0x20000042   Data           2  lcd.o(.data)
    USART3_RX_STA                            0x20000044   Data           2  usart3.o(.data)
    sys_cmd_tab                              0x20000048   Data          28  usmart.o(.data)
    usmart_nametab                           0x20000064   Data          40  usmart_config.o(.data)
    usmart_dev                               0x2000008c   Data         244  usmart_config.o(.data)
    USART1_TX_BUF                            0x20000180   Data         400  main.o(.bss)
    gpsx                                     0x20000310   Data         166  main.o(.bss)
    dtbuf                                    0x200003b8   Data          50  main.o(.bss)
    USART_RX_BUF                             0x200003ea   Data         200  usart.o(.bss)
    lcddev                                   0x200004b2   Data          14  lcd.o(.bss)
    USART3_TX_BUF                            0x200004c0   Data         400  usart3.o(.bss)
    USART3_RX_BUF                            0x20000650   Data         400  usart3.o(.bss)
    __libspace_start                         0x200007e0   Data          96  libspace.o(.bss)
    __temporary_stack_top$libspace           0x20000840   Data           0  libspace.o(.bss)



==============================================================================

Memory Map of the image

  Image Entry point : 0x08000189

  Load Region LR_IROM1 (Base: 0x08000000, Size: 0x0000b218, Max: 0x00100000, ABSOLUTE, COMPRESSED[0x0000b104])

    Execution Region ER_IROM1 (Base: 0x08000000, Size: 0x0000b098, Max: 0x00100000, ABSOLUTE)

    Base Addr    Size         Type   Attr      Idx    E Section Name        Object

    0x08000000   0x00000188   Data   RO          457    RESET               startup_stm32f40_41xxx.o
    0x08000188   0x00000008   Code   RO         2794  * !!!main             c_w.l(__main.o)
    0x08000190   0x00000034   Code   RO         3107    !!!scatter          c_w.l(__scatter.o)
    0x080001c4   0x0000005a   Code   RO         3105    !!dczerorl2         c_w.l(__dczerorl2.o)
    0x0800021e   0x00000002   PAD
    0x08000220   0x0000001c   Code   RO         3109    !!handler_zi        c_w.l(__scatter_zi.o)
    0x0800023c   0x00000000   Code   RO         2787    .ARM.Collect$$_printf_percent$$00000000  c_w.l(_printf_percent.o)
    0x0800023c   0x00000006   Code   RO         2786    .ARM.Collect$$_printf_percent$$00000003  c_w.l(_printf_f.o)
    0x08000242   0x00000006   Code   RO         2784    .ARM.Collect$$_printf_percent$$00000009  c_w.l(_printf_d.o)
    0x08000248   0x00000006   Code   RO         2785    .ARM.Collect$$_printf_percent$$0000000A  c_w.l(_printf_u.o)
    0x0800024e   0x00000006   Code   RO         2783    .ARM.Collect$$_printf_percent$$0000000C  c_w.l(_printf_x.o)
    0x08000254   0x00000006   Code   RO         2781    .ARM.Collect$$_printf_percent$$00000013  c_w.l(_printf_c.o)
    0x0800025a   0x00000006   Code   RO         2782    .ARM.Collect$$_printf_percent$$00000014  c_w.l(_printf_s.o)
    0x08000260   0x00000004   Code   RO         2869    .ARM.Collect$$_printf_percent$$00000017  c_w.l(_printf_percent_end.o)
    0x08000264   0x00000002   Code   RO         2979    .ARM.Collect$$libinit$$00000000  c_w.l(libinit.o)
    0x08000266   0x00000004   Code   RO         2980    .ARM.Collect$$libinit$$00000001  c_w.l(libinit2.o)
    0x0800026a   0x00000000   Code   RO         2983    .ARM.Collect$$libinit$$00000004  c_w.l(libinit2.o)
    0x0800026a   0x00000000   Code   RO         2986    .ARM.Collect$$libinit$$0000000A  c_w.l(libinit2.o)
    0x0800026a   0x00000000   Code   RO         2988    .ARM.Collect$$libinit$$0000000C  c_w.l(libinit2.o)
    0x0800026a   0x00000000   Code   RO         2990    .ARM.Collect$$libinit$$0000000E  c_w.l(libinit2.o)
    0x0800026a   0x00000006   Code   RO         2991    .ARM.Collect$$libinit$$0000000F  c_w.l(libinit2.o)
    0x08000270   0x00000000   Code   RO         2993    .ARM.Collect$$libinit$$00000011  c_w.l(libinit2.o)
    0x08000270   0x00000000   Code   RO         2995    .ARM.Collect$$libinit$$00000013  c_w.l(libinit2.o)
    0x08000270   0x00000000   Code   RO         2997    .ARM.Collect$$libinit$$00000015  c_w.l(libinit2.o)
    0x08000270   0x0000000a   Code   RO         2998    .ARM.Collect$$libinit$$00000016  c_w.l(libinit2.o)
    0x0800027a   0x00000000   Code   RO         2999    .ARM.Collect$$libinit$$00000017  c_w.l(libinit2.o)
    0x0800027a   0x00000000   Code   RO         3001    .ARM.Collect$$libinit$$00000019  c_w.l(libinit2.o)
    0x0800027a   0x00000000   Code   RO         3003    .ARM.Collect$$libinit$$0000001B  c_w.l(libinit2.o)
    0x0800027a   0x00000000   Code   RO         3005    .ARM.Collect$$libinit$$0000001D  c_w.l(libinit2.o)
    0x0800027a   0x00000000   Code   RO         3007    .ARM.Collect$$libinit$$0000001F  c_w.l(libinit2.o)
    0x0800027a   0x00000000   Code   RO         3009    .ARM.Collect$$libinit$$00000021  c_w.l(libinit2.o)
    0x0800027a   0x00000000   Code   RO         3011    .ARM.Collect$$libinit$$00000023  c_w.l(libinit2.o)
    0x0800027a   0x00000000   Code   RO         3013    .ARM.Collect$$libinit$$00000025  c_w.l(libinit2.o)
    0x0800027a   0x00000000   Code   RO         3017    .ARM.Collect$$libinit$$0000002C  c_w.l(libinit2.o)
    0x0800027a   0x00000000   Code   RO         3019    .ARM.Collect$$libinit$$0000002E  c_w.l(libinit2.o)
    0x0800027a   0x00000000   Code   RO         3021    .ARM.Collect$$libinit$$00000030  c_w.l(libinit2.o)
    0x0800027a   0x00000000   Code   RO         3023    .ARM.Collect$$libinit$$00000032  c_w.l(libinit2.o)
    0x0800027a   0x00000002   Code   RO         3024    .ARM.Collect$$libinit$$00000033  c_w.l(libinit2.o)
    0x0800027c   0x00000002   Code   RO         3055    .ARM.Collect$$libshutdown$$00000000  c_w.l(libshutdown.o)
    0x0800027e   0x00000000   Code   RO         3064    .ARM.Collect$$libshutdown$$00000002  c_w.l(libshutdown2.o)
    0x0800027e   0x00000000   Code   RO         3066    .ARM.Collect$$libshutdown$$00000004  c_w.l(libshutdown2.o)
    0x0800027e   0x00000000   Code   RO         3069    .ARM.Collect$$libshutdown$$00000007  c_w.l(libshutdown2.o)
    0x0800027e   0x00000000   Code   RO         3072    .ARM.Collect$$libshutdown$$0000000A  c_w.l(libshutdown2.o)
    0x0800027e   0x00000000   Code   RO         3074    .ARM.Collect$$libshutdown$$0000000C  c_w.l(libshutdown2.o)
    0x0800027e   0x00000000   Code   RO         3077    .ARM.Collect$$libshutdown$$0000000F  c_w.l(libshutdown2.o)
    0x0800027e   0x00000002   Code   RO         3078    .ARM.Collect$$libshutdown$$00000010  c_w.l(libshutdown2.o)
    0x08000280   0x00000000   Code   RO         2834    .ARM.Collect$$rtentry$$00000000  c_w.l(__rtentry.o)
    0x08000280   0x00000000   Code   RO         2895    .ARM.Collect$$rtentry$$00000002  c_w.l(__rtentry2.o)
    0x08000280   0x00000006   Code   RO         2907    .ARM.Collect$$rtentry$$00000004  c_w.l(__rtentry4.o)
    0x08000286   0x00000000   Code   RO         2897    .ARM.Collect$$rtentry$$00000009  c_w.l(__rtentry2.o)
    0x08000286   0x00000004   Code   RO         2898    .ARM.Collect$$rtentry$$0000000A  c_w.l(__rtentry2.o)
    0x0800028a   0x00000000   Code   RO         2900    .ARM.Collect$$rtentry$$0000000C  c_w.l(__rtentry2.o)
    0x0800028a   0x00000008   Code   RO         2901    .ARM.Collect$$rtentry$$0000000D  c_w.l(__rtentry2.o)
    0x08000292   0x00000002   Code   RO         3025    .ARM.Collect$$rtexit$$00000000  c_w.l(rtexit.o)
    0x08000294   0x00000000   Code   RO         3035    .ARM.Collect$$rtexit$$00000002  c_w.l(rtexit2.o)
    0x08000294   0x00000004   Code   RO         3036    .ARM.Collect$$rtexit$$00000003  c_w.l(rtexit2.o)
    0x08000298   0x00000006   Code   RO         3037    .ARM.Collect$$rtexit$$00000004  c_w.l(rtexit2.o)
    0x0800029e   0x00000002   PAD
    0x080002a0   0x00000040   Code   RO          458    .text               startup_stm32f40_41xxx.o
    0x080002e0   0x00000002   Code   RO         2720    .text               c_w.l(use_no_semi_2.o)
    0x080002e2   0x00000002   PAD
    0x080002e4   0x00000018   Code   RO         2724    .text               c_w.l(__2printf.o)
    0x080002fc   0x0000002c   Code   RO         2726    .text               c_w.l(__2sprintf.o)
    0x08000328   0x0000004e   Code   RO         2734    .text               c_w.l(_printf_pad.o)
    0x08000376   0x00000052   Code   RO         2736    .text               c_w.l(_printf_str.o)
    0x080003c8   0x00000078   Code   RO         2738    .text               c_w.l(_printf_dec.o)
    0x08000440   0x00000094   Code   RO         2758    .text               c_w.l(_printf_hex_int_ll_ptr.o)
    0x080004d4   0x00000188   Code   RO         2778    .text               c_w.l(__printf_flags_ss_wp.o)
    0x0800065c   0x00000024   Code   RO         2788    .text               c_w.l(strstr.o)
    0x08000680   0x00000006   Code   RO         2792    .text               c_w.l(heapauxi.o)
    0x08000686   0x00000002   Code   RO         2832    .text               c_w.l(use_no_semi.o)
    0x08000688   0x000000b2   Code   RO         2837    .text               c_w.l(_printf_intcommon.o)
    0x0800073a   0x0000041a   Code   RO         2841    .text               c_w.l(_printf_fp_dec.o)
    0x08000b54   0x00000030   Code   RO         2843    .text               c_w.l(_printf_char_common.o)
    0x08000b84   0x0000000a   Code   RO         2845    .text               c_w.l(_sputc.o)
    0x08000b8e   0x0000002c   Code   RO         2847    .text               c_w.l(_printf_char.o)
    0x08000bba   0x00000002   PAD
    0x08000bbc   0x00000024   Code   RO         2849    .text               c_w.l(_printf_char_file.o)
    0x08000be0   0x00000008   Code   RO         2912    .text               c_w.l(rt_locale_intlibspace.o)
    0x08000be8   0x0000008a   Code   RO         2914    .text               c_w.l(lludiv10.o)
    0x08000c72   0x00000002   PAD
    0x08000c74   0x00000080   Code   RO         2919    .text               c_w.l(_printf_fp_infnan.o)
    0x08000cf4   0x000000dc   Code   RO         2925    .text               c_w.l(bigflt0.o)
    0x08000dd0   0x00000008   Code   RO         2950    .text               c_w.l(ferror.o)
    0x08000dd8   0x00000008   Code   RO         2963    .text               c_w.l(libspace.o)
    0x08000de0   0x0000004a   Code   RO         2966    .text               c_w.l(sys_stackheap_outer.o)
    0x08000e2a   0x00000012   Code   RO         2970    .text               c_w.l(exit.o)
    0x08000e3c   0x00000080   Code   RO         2972    .text               c_w.l(strcmpv7m.o)
    0x08000ebc   0x0000003e   Code   RO         2928    CL$$btod_d2e        c_w.l(btod.o)
    0x08000efa   0x00000046   Code   RO         2930    CL$$btod_d2e_denorm_low  c_w.l(btod.o)
    0x08000f40   0x00000060   Code   RO         2929    CL$$btod_d2e_norm_op1  c_w.l(btod.o)
    0x08000fa0   0x00000338   Code   RO         2938    CL$$btod_div_common  c_w.l(btod.o)
    0x080012d8   0x000000c6   Code   RO         2935    CL$$btod_e2e        c_w.l(btod.o)
    0x0800139e   0x00000028   Code   RO         2932    CL$$btod_ediv       c_w.l(btod.o)
    0x080013c6   0x00000028   Code   RO         2931    CL$$btod_emul       c_w.l(btod.o)
    0x080013ee   0x00000244   Code   RO         2937    CL$$btod_mult_common  c_w.l(btod.o)
    0x08001632   0x00000004   Code   RO          197    i.BusFault_Handler  stm32f4xx_it.o
    0x08001636   0x00000002   Code   RO          198    i.DebugMon_Handler  stm32f4xx_it.o
    0x08001638   0x00000034   Code   RO          590    i.FSMC_NORSRAMCmd   stm32f4xx_fsmc.o
    0x0800166c   0x000000e6   Code   RO          592    i.FSMC_NORSRAMInit  stm32f4xx_fsmc.o
    0x08001752   0x00000090   Code   RO          715    i.GPIO_Init         stm32f4xx_gpio.o
    0x080017e2   0x00000046   Code   RO          716    i.GPIO_PinAFConfig  stm32f4xx_gpio.o
    0x08001828   0x00000012   Code   RO          719    i.GPIO_ReadInputDataBit  stm32f4xx_gpio.o
    0x0800183a   0x00000004   Code   RO          723    i.GPIO_SetBits      stm32f4xx_gpio.o
    0x0800183e   0x00000038   Code   RO         2038    i.GPS_Analysis      gps.o
    0x08001876   0x00000002   PAD
    0x08001878   0x0000044c   Code   RO            4    i.Gps_Msg_Show      main.o
    0x08001cc4   0x00000004   Code   RO          199    i.HardFault_Handler  stm32f4xx_it.o
    0x08001cc8   0x00000044   Code   RO         2163    i.KEY_Init          key.o
    0x08001d0c   0x000000c8   Code   RO         2164    i.KEY_Scan          key.o
    0x08001dd4   0x0000006c   Code   RO         2195    i.LCD_Clear         lcd.o
    0x08001e40   0x000001c0   Code   RO         2199    i.LCD_Display_Dir   lcd.o
    0x08002000   0x00000180   Code   RO         2204    i.LCD_Fast_DrawPoint  lcd.o
    0x08002180   0x000000b8   Code   RO         2205    i.LCD_Fill          lcd.o
    0x08002238   0x00003970   Code   RO         2206    i.LCD_Init          lcd.o
    0x08005ba8   0x00000014   Code   RO         2208    i.LCD_RD_DATA       lcd.o
    0x08005bbc   0x00000016   Code   RO         2210    i.LCD_ReadReg       lcd.o
    0x08005bd2   0x00000002   PAD
    0x08005bd4   0x00000060   Code   RO         2211    i.LCD_SSD_BackLightSet  lcd.o
    0x08005c34   0x000002ec   Code   RO         2212    i.LCD_Scan_Dir      lcd.o
    0x08005f20   0x000001a8   Code   RO         2213    i.LCD_SetCursor     lcd.o
    0x080060c8   0x00000128   Code   RO         2215    i.LCD_ShowChar      lcd.o
    0x080061f0   0x00000066   Code   RO         2217    i.LCD_ShowString    lcd.o
    0x08006256   0x00000002   PAD
    0x08006258   0x00000018   Code   RO         2219    i.LCD_WR_DATA       lcd.o
    0x08006270   0x00000018   Code   RO         2220    i.LCD_WR_REG        lcd.o
    0x08006288   0x00000014   Code   RO         2222    i.LCD_WriteRAM_Prepare  lcd.o
    0x0800629c   0x00000014   Code   RO         2223    i.LCD_WriteReg      lcd.o
    0x080062b0   0x00000040   Code   RO         2416    i.LED_Init          led.o
    0x080062f0   0x00000004   Code   RO          200    i.MemManage_Handler  stm32f4xx_it.o
    0x080062f4   0x00000134   Code   RO         2039    i.NMEA_BDGSV_Analysis  gps.o
    0x08006428   0x00000032   Code   RO         2040    i.NMEA_Comma_Pos    gps.o
    0x0800645a   0x00000002   PAD
    0x0800645c   0x00000068   Code   RO         2041    i.NMEA_GNGGA_Analysis  gps.o
    0x080064c4   0x000000b8   Code   RO         2042    i.NMEA_GNGSA_Analysis  gps.o
    0x0800657c   0x00000224   Code   RO         2043    i.NMEA_GNRMC_Analysis  gps.o
    0x080067a0   0x00000058   Code   RO         2044    i.NMEA_GNVTG_Analysis  gps.o
    0x080067f8   0x0000012c   Code   RO         2045    i.NMEA_GPGSV_Analysis  gps.o
    0x08006924   0x00000016   Code   RO         2046    i.NMEA_Pow          gps.o
    0x0800693a   0x000000ea   Code   RO         2047    i.NMEA_Str2num      gps.o
    0x08006a24   0x00000002   Code   RO          201    i.NMI_Handler       stm32f4xx_it.o
    0x08006a26   0x00000002   PAD
    0x08006a28   0x00000078   Code   RO          465    i.NVIC_Init         misc.o
    0x08006aa0   0x00000014   Code   RO          466    i.NVIC_PriorityGroupConfig  misc.o
    0x08006ab4   0x00000002   Code   RO          202    i.PendSV_Handler    stm32f4xx_it.o
    0x08006ab6   0x00000002   PAD
    0x08006ab8   0x00000020   Code   RO          942    i.RCC_AHB1PeriphClockCmd  stm32f4xx_rcc.o
    0x08006ad8   0x00000020   Code   RO          948    i.RCC_AHB3PeriphClockCmd  stm32f4xx_rcc.o
    0x08006af8   0x00000020   Code   RO          951    i.RCC_APB1PeriphClockCmd  stm32f4xx_rcc.o
    0x08006b18   0x00000020   Code   RO          953    i.RCC_APB1PeriphResetCmd  stm32f4xx_rcc.o
    0x08006b38   0x00000020   Code   RO          954    i.RCC_APB2PeriphClockCmd  stm32f4xx_rcc.o
    0x08006b58   0x00000020   Code   RO          956    i.RCC_APB2PeriphResetCmd  stm32f4xx_rcc.o
    0x08006b78   0x000000e8   Code   RO          963    i.RCC_GetClocksFreq  stm32f4xx_rcc.o
    0x08006c60   0x00000002   Code   RO          203    i.SVC_Handler       stm32f4xx_it.o
    0x08006c62   0x00000002   PAD
    0x08006c64   0x000000ec   Code   RO          298    i.SetSysClock       system_stm32f4xx.o
    0x08006d50   0x0000006c   Code   RO         2048    i.SkyTra_Cfg_Ack_Check  gps.o
    0x08006dbc   0x00000060   Code   RO         2049    i.SkyTra_Cfg_Prt    gps.o
    0x08006e1c   0x00000040   Code   RO         2050    i.SkyTra_Cfg_Rate   gps.o
    0x08006e5c   0x00000084   Code   RO         2051    i.SkyTra_Cfg_Tp     gps.o
    0x08006ee0   0x0000002c   Code   RO         2052    i.SkyTra_Send_Date  gps.o
    0x08006f0c   0x00000028   Code   RO          469    i.SysTick_CLKSourceConfig  misc.o
    0x08006f34   0x00000002   Code   RO          204    i.SysTick_Handler   stm32f4xx_it.o
    0x08006f36   0x00000002   PAD
    0x08006f38   0x00000068   Code   RO          300    i.SystemInit        system_stm32f4xx.o
    0x08006fa0   0x00000038   Code   RO         2524    i.TIM4_IRQHandler   usmart.o
    0x08006fd8   0x00000034   Code   RO         2440    i.TIM7_IRQHandler   timer.o
    0x0800700c   0x00000054   Code   RO         2441    i.TIM7_Int_Init     timer.o
    0x08007060   0x00000006   Code   RO         1290    i.TIM_ClearFlag     stm32f4xx_tim.o
    0x08007066   0x00000006   Code   RO         1291    i.TIM_ClearITPendingBit  stm32f4xx_tim.o
    0x0800706c   0x00000018   Code   RO         1296    i.TIM_Cmd           stm32f4xx_tim.o
    0x08007084   0x00000006   Code   RO         1315    i.TIM_GetCounter    stm32f4xx_tim.o
    0x0800708a   0x00000012   Code   RO         1316    i.TIM_GetFlagStatus  stm32f4xx_tim.o
    0x0800709c   0x00000022   Code   RO         1317    i.TIM_GetITStatus   stm32f4xx_tim.o
    0x080070be   0x00000012   Code   RO         1321    i.TIM_ITConfig      stm32f4xx_tim.o
    0x080070d0   0x00000004   Code   RO         1356    i.TIM_SetAutoreload  stm32f4xx_tim.o
    0x080070d4   0x00000004   Code   RO         1362    i.TIM_SetCounter    stm32f4xx_tim.o
    0x080070d8   0x00000084   Code   RO         1368    i.TIM_TimeBaseInit  stm32f4xx_tim.o
    0x0800715c   0x0000005c   Code   RO         2525    i.Timer4_Init       usmart.o
    0x080071b8   0x00000088   Code   RO          405    i.USART1_IRQHandler  usart.o
    0x08007240   0x00000070   Code   RO         2474    i.USART3_IRQHandler  usart3.o
    0x080072b0   0x00000012   Code   RO         1846    i.USART_ClearFlag   stm32f4xx_usart.o
    0x080072c2   0x00000018   Code   RO         1850    i.USART_Cmd         stm32f4xx_usart.o
    0x080072da   0x00000002   PAD
    0x080072dc   0x000000f0   Code   RO         1852    i.USART_DeInit      stm32f4xx_usart.o
    0x080073cc   0x00000054   Code   RO         1854    i.USART_GetITStatus  stm32f4xx_usart.o
    0x08007420   0x0000004a   Code   RO         1856    i.USART_ITConfig    stm32f4xx_usart.o
    0x0800746a   0x00000002   PAD
    0x0800746c   0x000000d4   Code   RO         1857    i.USART_Init        stm32f4xx_usart.o
    0x08007540   0x0000000a   Code   RO         1864    i.USART_ReceiveData  stm32f4xx_usart.o
    0x0800754a   0x00000002   PAD
    0x0800754c   0x0000013c   Code   RO            5    i.UTCTOLocalTime    main.o
    0x08007688   0x00000004   Code   RO          205    i.UsageFault_Handler  stm32f4xx_it.o
    0x0800768c   0x00000030   Code   RO         2961    i.__ARM_fpclassify  m_wm.l(fpclassify.o)
    0x080076bc   0x0000000e   Code   RO         2771    i._is_digit         c_w.l(__printf_wp.o)
    0x080076ca   0x00000004   Code   RO          406    i._sys_exit         usart.o
    0x080076ce   0x00000002   PAD
    0x080076d0   0x0000016c   Code   RO            6    i.calculateTimezone  main.o
    0x0800783c   0x0000003c   Code   RO          361    i.delay_init        delay.o
    0x08007878   0x00000038   Code   RO          362    i.delay_ms          delay.o
    0x080078b0   0x0000004c   Code   RO          363    i.delay_us          delay.o
    0x080078fc   0x0000004c   Code   RO          364    i.delay_xms         delay.o
    0x08007948   0x00000018   Code   RO         2828    i.fabs              m_wm.l(fabs.o)
    0x08007960   0x0000001c   Code   RO          407    i.fputc             usart.o
    0x0800797c   0x00000284   Code   RO            7    i.main              main.o
    0x08007c00   0x00000006   Code   RO         2526    i.read_addr         usmart.o
    0x08007c06   0x00000002   PAD
    0x08007c08   0x000000b4   Code   RO          408    i.uart_init         usart.o
    0x08007cbc   0x000000d8   Code   RO         2476    i.usart3_init       usart3.o
    0x08007d94   0x000000b0   Code   RO         2527    i.usmart_cmd_rec    usmart.o
    0x08007e44   0x000002d4   Code   RO         2528    i.usmart_exe        usmart.o
    0x08008118   0x000000c8   Code   RO         2637    i.usmart_get_aparm  usmart_str.o
    0x080081e0   0x00000036   Code   RO         2638    i.usmart_get_cmdname  usmart_str.o
    0x08008216   0x00000002   PAD
    0x08008218   0x000001c0   Code   RO         2639    i.usmart_get_fname  usmart_str.o
    0x080083d8   0x0000010c   Code   RO         2640    i.usmart_get_fparam  usmart_str.o
    0x080084e4   0x00000020   Code   RO         2641    i.usmart_get_parmpos  usmart_str.o
    0x08008504   0x00000044   Code   RO         2529    i.usmart_get_runtime  usmart.o
    0x08008548   0x00000028   Code   RO         2530    i.usmart_init       usmart.o
    0x08008570   0x00000016   Code   RO         2642    i.usmart_pow        usmart_str.o
    0x08008586   0x00000002   PAD
    0x08008588   0x00000030   Code   RO         2531    i.usmart_reset_runtime  usmart.o
    0x080085b8   0x000000bc   Code   RO         2532    i.usmart_scan       usmart.o
    0x08008674   0x00000016   Code   RO         2643    i.usmart_search_nextc  usmart_str.o
    0x0800868a   0x000000ca   Code   RO         2644    i.usmart_str2num    usmart_str.o
    0x08008754   0x00000022   Code   RO         2645    i.usmart_strcmp     usmart_str.o
    0x08008776   0x00000016   Code   RO         2646    i.usmart_strcopy    usmart_str.o
    0x0800878c   0x00000018   Code   RO         2647    i.usmart_strlen     usmart_str.o
    0x080087a4   0x000006e4   Code   RO         2533    i.usmart_sys_cmd_exe  usmart.o
    0x08008e88   0x00000004   Code   RO         2534    i.write_addr        usmart.o
    0x08008e8c   0x0000002c   Code   RO         2957    locale$$code        c_w.l(lc_numeric_c.o)
    0x08008eb8   0x00000150   Code   RO         2796    x$fpl$dadd          fz_wm.l(daddsub_clz.o)
    0x08009008   0x00000018   Code   RO         2879    x$fpl$dcmpinf       fz_wm.l(dcmpi.o)
    0x08009020   0x0000005e   Code   RO         2802    x$fpl$dfix          fz_wm.l(dfix.o)
    0x0800907e   0x00000002   PAD
    0x08009080   0x0000005a   Code   RO         2806    x$fpl$dfixu         fz_wm.l(dfixu.o)
    0x080090da   0x0000002e   Code   RO         2811    x$fpl$dflt          fz_wm.l(dflt_clz.o)
    0x08009108   0x00000026   Code   RO         2810    x$fpl$dfltu         fz_wm.l(dflt_clz.o)
    0x0800912e   0x00000002   PAD
    0x08009130   0x00000078   Code   RO         2816    x$fpl$dleqf         fz_wm.l(dleqf.o)
    0x080091a8   0x00000154   Code   RO         2818    x$fpl$dmul          fz_wm.l(dmul.o)
    0x080092fc   0x0000009c   Code   RO         2881    x$fpl$dnaninf       fz_wm.l(dnaninf.o)
    0x08009398   0x0000000c   Code   RO         2883    x$fpl$dretinf       fz_wm.l(dretinf.o)
    0x080093a4   0x0000006c   Code   RO         2820    x$fpl$drleqf        fz_wm.l(drleqf.o)
    0x08009410   0x000001d4   Code   RO         2798    x$fpl$dsub          fz_wm.l(daddsub_clz.o)
    0x080095e4   0x00000056   Code   RO         2822    x$fpl$f2d           fz_wm.l(f2d.o)
    0x0800963a   0x0000008c   Code   RO         2885    x$fpl$fnaninf       fz_wm.l(fnaninf.o)
    0x080096c6   0x0000000a   Code   RO         3032    x$fpl$fpinit        fz_wm.l(fpinit.o)
    0x080096d0   0x00000004   Code   RO         2824    x$fpl$printf1       fz_wm.l(printf1.o)
    0x080096d4   0x00000000   Code   RO         2893    x$fpl$usenofp       fz_wm.l(usenofp.o)
    0x080096d4   0x00000024   Data   RO         2053    .constdata          gps.o
    0x080096f8   0x000017c0   Data   RO         2226    .constdata          lcd.o
    0x0800aeb8   0x00000028   Data   RO         2759    .constdata          c_w.l(_printf_hex_int_ll_ptr.o)
    0x0800aee0   0x00000011   Data   RO         2779    .constdata          c_w.l(__printf_flags_ss_wp.o)
    0x0800aef1   0x00000003   PAD
    0x0800aef4   0x00000094   Data   RO         2926    .constdata          c_w.l(bigflt0.o)
    0x0800af88   0x00000015   Data   RO            9    .conststring        main.o
    0x0800af9d   0x00000003   PAD
    0x0800afa0   0x00000028   Data   RO         2535    .conststring        usmart.o
    0x0800afc8   0x00000094   Data   RO         2612    .conststring        usmart_config.o
    0x0800b05c   0x00000020   Data   RO         3103    Region$$Table       anon$$obj.o
    0x0800b07c   0x0000001c   Data   RO         2956    locale$$data        c_w.l(lc_numeric_c.o)


    Execution Region RW_IRAM1 (Base: 0x20000000, Size: 0x00000e40, Max: 0x00020000, ABSOLUTE, COMPRESSED[0x0000006c])

    Base Addr    Size         Type   Attr      Idx    E Section Name        Object

    0x20000000   0x00000024   Data   RW           10    .data               main.o
    0x20000024   0x00000004   Data   RW          365    .data               delay.o
    0x20000028   0x00000006   Data   RW          410    .data               usart.o
    0x2000002e   0x00000010   Data   RW          995    .data               stm32f4xx_rcc.o
    0x2000003e   0x00000001   Data   RW         2165    .data               key.o
    0x2000003f   0x00000001   PAD
    0x20000040   0x00000004   Data   RW         2227    .data               lcd.o
    0x20000044   0x00000002   Data   RW         2478    .data               usart3.o
    0x20000046   0x00000002   PAD
    0x20000048   0x0000001c   Data   RW         2536    .data               usmart.o
    0x20000064   0x0000011c   Data   RW         2613    .data               usmart_config.o
    0x20000180   0x0000026a   Zero   RW            8    .bss                main.o
    0x200003ea   0x000000c8   Zero   RW          409    .bss                usart.o
    0x200004b2   0x0000000e   Zero   RW         2225    .bss                lcd.o
    0x200004c0   0x00000320   Zero   RW         2477    .bss                usart3.o
    0x200007e0   0x00000060   Zero   RW         2964    .bss                c_w.l(libspace.o)
    0x20000840   0x00000200   Zero   RW          456    HEAP                startup_stm32f40_41xxx.o
    0x20000a40   0x00000400   Zero   RW          455    STACK               startup_stm32f40_41xxx.o


==============================================================================

Image component sizes


      Code (inc. data)   RO Data    RW Data    ZI Data      Debug   Object Name

       268         16          0          4          0       2451   delay.o
      2338         90         36          0          0      11537   gps.o
       268         20          0          1          0       1226   key.o
     17624        210       6080          4         14      21862   lcd.o
        64          4          0          0          0        519   led.o
      2424        630         21         36        618     295295   main.o
       180         24          0          0          0       2017   misc.o
        64         26        392          0       1536        832   startup_stm32f40_41xxx.o
       282          6          0          0          0       1777   stm32f4xx_fsmc.o
       236          0          0          0          0       2890   stm32f4xx_gpio.o
        26          0          0          0          0       3938   stm32f4xx_it.o
       424         54          0         16          0       6266   stm32f4xx_rcc.o
       252         28          0          0          0       6368   stm32f4xx_tim.o
       662         42          0          0          0       5391   stm32f4xx_usart.o
       340         32          0          0          0       1429   system_stm32f4xx.o
       136         16          0          0          0       1174   timer.o
       348         28          0          6        200       4192   usart.o
       328         34          0          2        800       2118   usart3.o
      3166       1332         40         28          0       7794   usmart.o
         0          0        148        284          0       1480   usmart_config.o
      1328         20          0          0          0       8713   usmart_str.o

    ----------------------------------------------------------------------
     30788       2612       6752        384       3168     389269   Object Totals
         0          0         32          0          0          0   (incl. Generated)
        30          0          3          3          0          0   (incl. Padding)

    ----------------------------------------------------------------------

      Code (inc. data)   RO Data    RW Data    ZI Data      Debug   Library Member Name

        24          4          0          0          0         84   __2printf.o
        44          6          0          0          0         84   __2sprintf.o
        90          0          0          0          0          0   __dczerorl2.o
         8          0          0          0          0         68   __main.o
       392          4         17          0          0         92   __printf_flags_ss_wp.o
        14          0          0          0          0         68   __printf_wp.o
         0          0          0          0          0          0   __rtentry.o
        12          0          0          0          0          0   __rtentry2.o
         6          0          0          0          0          0   __rtentry4.o
        52          8          0          0          0          0   __scatter.o
        28          0          0          0          0          0   __scatter_zi.o
         6          0          0          0          0          0   _printf_c.o
        44          0          0          0          0        108   _printf_char.o
        48          6          0          0          0         96   _printf_char_common.o
        36          4          0          0          0         80   _printf_char_file.o
         6          0          0          0          0          0   _printf_d.o
       120         16          0          0          0         92   _printf_dec.o
         6          0          0          0          0          0   _printf_f.o
      1050          0          0          0          0        216   _printf_fp_dec.o
       128         16          0          0          0         84   _printf_fp_infnan.o
       148          4         40          0          0        160   _printf_hex_int_ll_ptr.o
       178          0          0          0          0         88   _printf_intcommon.o
        78          0          0          0          0        108   _printf_pad.o
         0          0          0          0          0          0   _printf_percent.o
         4          0          0          0          0          0   _printf_percent_end.o
         6          0          0          0          0          0   _printf_s.o
        82          0          0          0          0         80   _printf_str.o
         6          0          0          0          0          0   _printf_u.o
         6          0          0          0          0          0   _printf_x.o
        10          0          0          0          0         68   _sputc.o
       220          4        148          0          0         96   bigflt0.o
      1910        128          0          0          0        672   btod.o
        18          0          0          0          0         80   exit.o
         8          0          0          0          0         68   ferror.o
         6          0          0          0          0        152   heapauxi.o
        44         10         28          0          0         76   lc_numeric_c.o
         2          0          0          0          0          0   libinit.o
        22          0          0          0          0          0   libinit2.o
         2          0          0          0          0          0   libshutdown.o
         2          0          0          0          0          0   libshutdown2.o
         8          4          0          0         96         68   libspace.o
       138          0          0          0          0         80   lludiv10.o
         8          4          0          0          0         68   rt_locale_intlibspace.o
         2          0          0          0          0          0   rtexit.o
        10          0          0          0          0          0   rtexit2.o
       128          0          0          0          0         68   strcmpv7m.o
        36          0          0          0          0         80   strstr.o
        74          0          0          0          0         80   sys_stackheap_outer.o
         2          0          0          0          0         68   use_no_semi.o
         2          0          0          0          0         68   use_no_semi_2.o
       804         16          0          0          0        368   daddsub_clz.o
        24          0          0          0          0        116   dcmpi.o
        94          4          0          0          0        140   dfix.o
        90          4          0          0          0        140   dfixu.o
        84          0          0          0          0        232   dflt_clz.o
       120          4          0          0          0        140   dleqf.o
       340         12          0          0          0        152   dmul.o
       156          4          0          0          0        140   dnaninf.o
        12          0          0          0          0        116   dretinf.o
       108          0          0          0          0        128   drleqf.o
        86          4          0          0          0        132   f2d.o
       140          4          0          0          0        132   fnaninf.o
        10          0          0          0          0        116   fpinit.o
         4          0          0          0          0        116   printf1.o
         0          0          0          0          0          0   usenofp.o
        24          0          0          0          0        124   fabs.o
        48          0          0          0          0        124   fpclassify.o

    ----------------------------------------------------------------------
      7432        270        236          0         96       5716   Library Totals
        14          0          3          0          0          0   (incl. Padding)

    ----------------------------------------------------------------------

      Code (inc. data)   RO Data    RW Data    ZI Data      Debug   Library Name

      5274        218        233          0         96       3300   c_w.l
      2072         52          0          0          0       2168   fz_wm.l
        72          0          0          0          0        248   m_wm.l

    ----------------------------------------------------------------------
      7432        270        236          0         96       5716   Library Totals

    ----------------------------------------------------------------------

==============================================================================


      Code (inc. data)   RO Data    RW Data    ZI Data      Debug   

     38220       2882       6988        384       3264     380717   Grand Totals
     38220       2882       6988        108       3264     380717   ELF Image Totals (compressed)
     38220       2882       6988        108          0          0   ROM Totals

==============================================================================

    Total RO  Size (Code + RO Data)                45208 (  44.15kB)
    Total RW  Size (RW Data + ZI Data)              3648 (   3.56kB)
    Total ROM Size (Code + RO Data + RW Data)      45316 (  44.25kB)

==============================================================================

